Archive member included to satisfy reference by file (symbol)

c:/cu_files/mcuxpressoide_11.2.1_4149/ide/plugins/com.nxp.mcuxpresso.tools.win32_11.2.0.202008311134/tools/bin/../lib/gcc/arm-none-eabi/9.2.1/../../../../arm-none-eabi/lib/thumb/v6-m/nofp\libcr_nohost_nf.a(_cr__main.o)
                              ./startup/startup_mkl25z4.o (__main)
c:/cu_files/mcuxpressoide_11.2.1_4149/ide/plugins/com.nxp.mcuxpresso.tools.win32_11.2.0.202008311134/tools/bin/../lib/gcc/arm-none-eabi/9.2.1/../../../../arm-none-eabi/lib/thumb/v6-m/nofp\libcr_nohost_nf.a(_cr_assert.o)
                              ./drivers/fsl_clock.o (__assertion_failed)
c:/cu_files/mcuxpressoide_11.2.1_4149/ide/plugins/com.nxp.mcuxpresso.tools.win32_11.2.0.202008311134/tools/bin/../lib/gcc/arm-none-eabi/9.2.1/../../../../arm-none-eabi/lib/thumb/v6-m/nofp\libcr_nohost_nf.a(__ciob.o)
                              c:/cu_files/mcuxpressoide_11.2.1_4149/ide/plugins/com.nxp.mcuxpresso.tools.win32_11.2.0.202008311134/tools/bin/../lib/gcc/arm-none-eabi/9.2.1/../../../../arm-none-eabi/lib/thumb/v6-m/nofp\libcr_nohost_nf.a(_cr_assert.o) (__Ciob)
c:/cu_files/mcuxpressoide_11.2.1_4149/ide/plugins/com.nxp.mcuxpresso.tools.win32_11.2.0.202008311134/tools/bin/../lib/gcc/arm-none-eabi/9.2.1/../../../../arm-none-eabi/lib/thumb/v6-m/nofp\libcr_nohost_nf.a(__sys_appexit.o)
                              c:/cu_files/mcuxpressoide_11.2.1_4149/ide/plugins/com.nxp.mcuxpresso.tools.win32_11.2.0.202008311134/tools/bin/../lib/gcc/arm-none-eabi/9.2.1/../../../../arm-none-eabi/lib/thumb/v6-m/nofp\libcr_nohost_nf.a(_cr_assert.o) (__sys_appexit)
c:/cu_files/mcuxpressoide_11.2.1_4149/ide/plugins/com.nxp.mcuxpresso.tools.win32_11.2.0.202008311134/tools/bin/../lib/gcc/arm-none-eabi/9.2.1/../../../../arm-none-eabi/lib/thumb/v6-m/nofp\libcr_c.a(memcpy.o)
                              ./drivers/fsl_flash.o (memcpy)
c:/cu_files/mcuxpressoide_11.2.1_4149/ide/plugins/com.nxp.mcuxpresso.tools.win32_11.2.0.202008311134/tools/bin/../lib/gcc/arm-none-eabi/9.2.1/../../../../arm-none-eabi/lib/thumb/v6-m/nofp\libcr_c.a(memset.o)
                              ./drivers/fsl_flash.o (memset)
c:/cu_files/mcuxpressoide_11.2.1_4149/ide/plugins/com.nxp.mcuxpresso.tools.win32_11.2.0.202008311134/tools/bin/../lib/gcc/arm-none-eabi/9.2.1/../../../../arm-none-eabi/lib/thumb/v6-m/nofp\libcr_c.a(_deferredlazyseek.o)
                              c:/cu_files/mcuxpressoide_11.2.1_4149/ide/plugins/com.nxp.mcuxpresso.tools.win32_11.2.0.202008311134/tools/bin/../lib/gcc/arm-none-eabi/9.2.1/../../../../arm-none-eabi/lib/thumb/v6-m/nofp\libcr_nohost_nf.a(_cr_assert.o) (__flsbuf)
c:/cu_files/mcuxpressoide_11.2.1_4149/ide/plugins/com.nxp.mcuxpresso.tools.win32_11.2.0.202008311134/tools/bin/../lib/gcc/arm-none-eabi/9.2.1/../../../../arm-none-eabi/lib/thumb/v6-m/nofp\libcr_c.a(_fflush.o)
                              c:/cu_files/mcuxpressoide_11.2.1_4149/ide/plugins/com.nxp.mcuxpresso.tools.win32_11.2.0.202008311134/tools/bin/../lib/gcc/arm-none-eabi/9.2.1/../../../../arm-none-eabi/lib/thumb/v6-m/nofp\libcr_c.a(_deferredlazyseek.o) (_fflush)
c:/cu_files/mcuxpressoide_11.2.1_4149/ide/plugins/com.nxp.mcuxpresso.tools.win32_11.2.0.202008311134/tools/bin/../lib/gcc/arm-none-eabi/9.2.1/../../../../arm-none-eabi/lib/thumb/v6-m/nofp\libcr_c.a(_writebuf.o)
                              c:/cu_files/mcuxpressoide_11.2.1_4149/ide/plugins/com.nxp.mcuxpresso.tools.win32_11.2.0.202008311134/tools/bin/../lib/gcc/arm-none-eabi/9.2.1/../../../../arm-none-eabi/lib/thumb/v6-m/nofp\libcr_c.a(_deferredlazyseek.o) (_Cwritebuf)
c:/cu_files/mcuxpressoide_11.2.1_4149/ide/plugins/com.nxp.mcuxpresso.tools.win32_11.2.0.202008311134/tools/bin/../lib/gcc/arm-none-eabi/9.2.1/../../../../arm-none-eabi/lib/thumb/v6-m/nofp\libcr_c.a(alloc.o)
                              c:/cu_files/mcuxpressoide_11.2.1_4149/ide/plugins/com.nxp.mcuxpresso.tools.win32_11.2.0.202008311134/tools/bin/../lib/gcc/arm-none-eabi/9.2.1/../../../../arm-none-eabi/lib/thumb/v6-m/nofp\libcr_c.a(_deferredlazyseek.o) (_Csys_alloc)
c:/cu_files/mcuxpressoide_11.2.1_4149/ide/plugins/com.nxp.mcuxpresso.tools.win32_11.2.0.202008311134/tools/bin/../lib/gcc/arm-none-eabi/9.2.1/../../../../arm-none-eabi/lib/thumb/v6-m/nofp\libcr_c.a(fpprintf.o)
                              ./source/A7_Autotune.o (printf)
c:/cu_files/mcuxpressoide_11.2.1_4149/ide/plugins/com.nxp.mcuxpresso.tools.win32_11.2.0.202008311134/tools/bin/../lib/gcc/arm-none-eabi/9.2.1/../../../../arm-none-eabi/lib/thumb/v6-m/nofp\libcr_c.a(fputs.o)
                              c:/cu_files/mcuxpressoide_11.2.1_4149/ide/plugins/com.nxp.mcuxpresso.tools.win32_11.2.0.202008311134/tools/bin/../lib/gcc/arm-none-eabi/9.2.1/../../../../arm-none-eabi/lib/thumb/v6-m/nofp\libcr_nohost_nf.a(_cr_assert.o) (fputs)
c:/cu_files/mcuxpressoide_11.2.1_4149/ide/plugins/com.nxp.mcuxpresso.tools.win32_11.2.0.202008311134/tools/bin/../lib/gcc/arm-none-eabi/9.2.1/../../../../arm-none-eabi/lib/thumb/v6-m/nofp\libcr_c.a(fseek.o)
[...]
Memory Configuration

Name             Origin             Length             Attributes
PROGRAM_FLASH    0x00000000         0x00020000         xr
SRAM             0x1ffff000         0x00004000         xrw
*default*        0x00000000         0xffffffff

Linker script and memory map

LOAD ./utilities/fsl_debug_console.o
LOAD ./startup/startup_mkl25z4.o
LOAD ./source/A7_Autotune.o
LOAD ./source/ADC.o
LOAD ./source/DAC.o
LOAD ./source/DMA.o
LOAD ./source/TPM0.o
LOAD ./source/autocorrelate.o
LOAD ./source/mtb.o
LOAD ./source/semihost_hardfault.o
LOAD ./source/sin.o
LOAD ./source/systick.o
LOAD ./drivers/fsl_clock.o
LOAD ./drivers/fsl_common.o
LOAD ./drivers/fsl_flash.o
LOAD ./drivers/fsl_gpio.o
LOAD ./drivers/fsl_lpsci.o
LOAD ./drivers/fsl_smc.o
LOAD ./drivers/fsl_uart.o
LOAD ./board/board.o
LOAD ./board/clock_config.o
LOAD ./board/peripherals.o
LOAD ./board/pin_mux.o
LOAD ./CMSIS/system_MKL25Z4.o
START GROUP
LOAD c:/cu_files/mcuxpressoide_11.2.1_4149/ide/plugins/com.nxp.mcuxpresso.tools.win32_11.2.0.202008311134/tools/bin/../lib/gcc/arm-none-eabi/9.2.1/../../../../arm-none-eabi/lib/thumb/v6-m/nofp\libcr_nohost_nf.a
LOAD c:/cu_files/mcuxpressoide_11.2.1_4149/ide/plugins/com.nxp.mcuxpresso.tools.win32_11.2.0.202008311134/tools/bin/../lib/gcc/arm-none-eabi/9.2.1/../../../../arm-none-eabi/lib/thumb/v6-m/nofp\libcr_c.a
LOAD c:/cu_files/mcuxpressoide_11.2.1_4149/ide/plugins/com.nxp.mcuxpresso.tools.win32_11.2.0.202008311134/tools/bin/../lib/gcc/arm-none-eabi/9.2.1/thumb/v6-m/nofp\libcr_eabihelpers.a
LOAD c:/cu_files/mcuxpressoide_11.2.1_4149/ide/plugins/com.nxp.mcuxpresso.tools.win32_11.2.0.202008311134/tools/bin/../lib/gcc/arm-none-eabi/9.2.1/thumb/v6-m/nofp\libgcc.a
END GROUP
                0x00000000                __base_PROGRAM_FLASH = 0x0
                0x00000000                __base_Flash = 0x0
                0x00020000                __top_PROGRAM_FLASH = 0x20000
                0x00020000                __top_Flash = 0x20000
                0x1ffff000                __base_SRAM = 0x1ffff000
                0x1ffff000                __base_RAM = 0x1ffff000
                0x20003000                __top_SRAM = 0x20003000
                0x20003000                __top_RAM = 0x20003000

.text           0x00000000     0x5624
 FILL mask 0xff
                0x00000000                __vectors_start__ = ABSOLUTE (.)
 *(SORT_BY_ALIGNMENT(.isr_vector))
 .isr_vector    0x00000000       0xc0 ./startup/startup_mkl25z4.o
                0x00000000                g_pfnVectors
                0x00000000                __Vectors
                0x000000c0                . = ALIGN (0x4)
                0x000000c0                __section_table_start = .
                0x000000c0                __data_section_table = .
                0x000000c0        0x4 LONG 0x5624 LOADADDR (.data)
                0x000000c4        0x4 LONG 0x1ffff080 ADDR (.data)
                0x000000c8        0x4 LONG 0x8 SIZEOF (.data)
                0x000000cc                __data_section_table_end = .
                0x000000cc                __bss_section_table = .
                0x000000cc        0x4 LONG 0x1ffff088 ADDR (.bss)
                0x000000d0        0x4 LONG 0x27bc SIZEOF (.bss)
                0x000000d4                __bss_section_table_end = .
                0x000000d4                __section_table_end = .
 *(SORT_BY_ALIGNMENT(.after_vectors*))
 .after_vectors.reset
                0x000000d4       0x4c ./startup/startup_mkl25z4.o
                0x000000d4                ResetISR
 .after_vectors.init_data
                0x00000120       0x12 ./startup/startup_mkl25z4.o
                0x00000120                data_init
 .after_vectors.init_bss
                0x00000132       0x10 ./startup/startup_mkl25z4.o
                0x00000132                bss_init
 .after_vectors
                0x00000142      0x10c ./startup/startup_mkl25z4.o
                0x00000142                NMI_Handler
                0x00000146                SVC_Handler
                0x00000148                PendSV_Handler
                0x0000014c                SPI1_DriverIRQHandler
                0x0000014c                LPTMR0_DriverIRQHandler
                0x0000014c                DMA0_DriverIRQHandler
                0x0000014c                I2C0_DriverIRQHandler
                0x0000014c                Reserved39_DriverIRQHandler
                0x0000014c                PORTD_DriverIRQHandler
                0x0000014c                DMA2_DriverIRQHandler
                0x0000014c                CMP0_DriverIRQHandler
                0x0000014c                TPM2_DriverIRQHandler
                0x0000014c                ADC0_DriverIRQHandler
                0x0000014c                SPI0_DriverIRQHandler
                0x0000014c                TSI0_DriverIRQHandler
                0x0000014c                RTC_Seconds_DriverIRQHandler
                0x0000014c                I2C1_DriverIRQHandler
                0x0000014c                DMA1_DriverIRQHandler
                0x0000014c                LLWU_DriverIRQHandler
                0x0000014c                MCG_DriverIRQHandler
                0x0000014c                PIT_DriverIRQHandler
                0x0000014c                RTC_DriverIRQHandler
                0x0000014c                TPM1_DriverIRQHandler
                0x0000014c                FTFA_DriverIRQHandler
                0x0000014c                IntDefaultHandler
                0x0000014c                USB0_DriverIRQHandler
                0x0000014c                DAC0_DriverIRQHandler
                0x0000014c                PORTA_DriverIRQHandler
                0x0000014c                LVD_LVW_DriverIRQHandler
                0x0000014c                TPM0_DriverIRQHandler
                0x0000014c                Reserved45_DriverIRQHandler
                0x0000014c                DMA3_DriverIRQHandler
                0x0000014c                Reserved20_DriverIRQHandler
                0x00000156                DMA1_IRQHandler
                0x0000015e                DMA2_IRQHandler
                0x00000166                DMA3_IRQHandler
                0x0000016e                Reserved20_IRQHandler
                0x00000176                FTFA_IRQHandler
                0x0000017e                LVD_LVW_IRQHandler
                0x00000186                LLWU_IRQHandler
                0x0000018e                I2C0_IRQHandler
                0x00000196                I2C1_IRQHandler
                0x0000019e                SPI0_IRQHandler
                0x000001a6                SPI1_IRQHandler
                0x000001ae                UART0_IRQHandler
                0x000001b6                UART1_IRQHandler
                0x000001be                UART2_IRQHandler
                0x000001c6                ADC0_IRQHandler
                0x000001ce                CMP0_IRQHandler
                0x000001d6                TPM0_IRQHandler
                0x000001de                TPM1_IRQHandler
                0x000001e6                TPM2_IRQHandler
                0x000001ee                RTC_IRQHandler
                0x000001f6                RTC_Seconds_IRQHandler
                0x000001fe                PIT_IRQHandler
                0x00000206                Reserved39_IRQHandler
                0x0000020e                USB0_IRQHandler
                0x00000216                DAC0_IRQHandler
                0x0000021e                TSI0_IRQHandler
                0x00000226                MCG_IRQHandler
                0x0000022e                LPTMR0_IRQHandler
                0x00000236                Reserved45_IRQHandler
                0x0000023e                PORTA_IRQHandler
                0x00000246                PORTD_IRQHandler
                0x00000400                . = 0x400
 *fill*         0x0000024e      0x1b2 ff
                0x00000400                PROVIDE (__FLASH_CONFIG_START__ = .)
 *(SORT_BY_ALIGNMENT(.FlashConfig))
 .FlashConfig   0x00000400       0x10 ./startup/startup_mkl25z4.o
                0x00000400                Flash_Config
                0x00000410                PROVIDE (__FLASH_CONFIG_END__ = .)
                0x00000001                ASSERT (! ((__FLASH_CONFIG_START__ == __FLASH_CONFIG_END__)), Linker Flash Config Support Enabled, but no .FlashConfig section provided within application)
 *(SORT_BY_ALIGNMENT(.text*))
 .text.DbgConsole_Init
                0x00000410       0xf4 ./utilities/fsl_debug_console.o
                0x00000410                DbgConsole_Init
 .text.__sys_write
                0x00000504       0x58 ./utilities/fsl_debug_console.o
                0x00000504                __sys_write
 .text.change_tone
                0x0000055c       0xb8 ./source/A7_Autotune.o
                0x0000055c                change_tone
 .text.main     0x00000614      0x138 ./source/A7_Autotune.o
                0x00000614                main
 .text.TPM1_init
                0x0000074c       0x74 ./source/ADC.o
                0x0000074c                TPM1_init
 .text.ADC0_init
                0x000007c0       0x9c ./source/ADC.o
                0x000007c0                ADC0_init
 .text.analyse_ADC_buff
                0x0000085c       0xec ./source/ADC.o
                0x0000085c                analyse_ADC_buff
 .text.DAC_init
                0x00000948       0x94 ./source/DAC.o
                0x00000948                DAC_init
 .text.NVIC_EnableIRQ
                0x000009dc       0x2c ./source/DMA.o
 .text.NVIC_ClearPendingIRQ
                0x00000a08       0x30 ./source/DMA.o
 .text.NVIC_SetPriority
                0x00000a38       0xdc ./source/DMA.o
 .text.DMA_init
                0x00000b14       0x98 ./source/DMA.o
                0x00000b14                DMA_init
 .text.start_DMA_transfer
                0x00000bac       0x70 ./source/DMA.o
                0x00000bac                start_DMA_transfer
 .text.DMA0_IRQHandler
                0x00000c1c       0x28 ./source/DMA.o
                0x00000c1c                DMA0_IRQHandler
 .text.TPM0_init
                0x00000c44       0x58 ./source/TPM0.o
                0x00000c44                TPM0_init
 .text.start_TPM
                0x00000c9c       0x1c ./source/TPM0.o
                0x00000c9c                start_TPM
 .text.autocorrelate_detect_period
                0x00000cb8      0x188 ./source/autocorrelate.o
                0x00000cb8                autocorrelate_detect_period
 .text.HardFault_Handler
                0x00000e40       0x30 ./source/semihost_hardfault.o
                0x00000e40                HardFault_Handler
 .text.interpolate
                0x00000e70      0x12c ./source/sin.o
                0x00000e70                interpolate
 .text.fp_sin   0x00000f9c      0x1e0 ./source/sin.o
                0x00000f9c                fp_sin
 .text.tone_to_samples
                0x0000117c      0x134 ./source/sin.o
                0x0000117c                tone_to_samples
 .text.samples_generated
                0x000012b0       0x74 ./source/sin.o
                0x000012b0                samples_generated
 .text.NVIC_ClearPendingIRQ
                0x00001324       0x30 ./source/systick.o
 .text.NVIC_SetPriority
                0x00001354       0xdc ./source/systick.o
 .text.Init_SysTick
                0x00001430       0x3c ./source/systick.o
                0x00001430                Init_SysTick
 .text.SysTick_Handler
                0x0000146c       0x30 ./source/systick.o
                0x0000146c                SysTick_Handler
 .text.CLOCK_SetEr32kClock
                0x0000149c       0x34 ./drivers/fsl_clock.o
 .text.CLOCK_SetPllFllSelClock
                0x000014d0       0x38 ./drivers/fsl_clock.o
 .text.CLOCK_GetMcgExtClkFreq
                0x00001508       0x28 ./drivers/fsl_clock.o
 .text.CLOCK_GetFllExtRefClkFreq
                0x00001530       0xa8 ./drivers/fsl_clock.o
 .text.CLOCK_GetFllRefClkFreq
                0x000015d8       0x2c ./drivers/fsl_clock.o
 .text.CLOCK_GetOscRangeFromFreq
                0x00001604       0x4c ./drivers/fsl_clock.o
 .text.CLOCK_GetPllFllSelClkFreq
                0x00001650       0x4c ./drivers/fsl_clock.o
                0x00001650                CLOCK_GetPllFllSelClkFreq
 .text.CLOCK_SetSimConfig
                0x0000169c       0x38 ./drivers/fsl_clock.o
                0x0000169c                CLOCK_SetSimConfig
 .text.CLOCK_GetFllFreq
                0x000016d4       0x84 ./drivers/fsl_clock.o
                0x000016d4                CLOCK_GetFllFreq
 .text.CLOCK_GetPll0Freq
                0x00001758       0x70 ./drivers/fsl_clock.o
                0x00001758                CLOCK_GetPll0Freq
 .text.CLOCK_SetInternalRefClkConfig
                0x000017c8      0x124 ./drivers/fsl_clock.o
                0x000017c8                CLOCK_SetInternalRefClkConfig
 .text.CLOCK_EnablePll0
                0x000018ec       0x94 ./drivers/fsl_clock.o
                0x000018ec                CLOCK_EnablePll0
 .text.CLOCK_InitOsc0
                0x00001980       0x94 ./drivers/fsl_clock.o
                0x00001980                CLOCK_InitOsc0
 .text.CLOCK_SetPbeMode
                0x00001a14       0xb0 ./drivers/fsl_clock.o
                0x00001a14                CLOCK_SetPbeMode
 .text.CLOCK_BootToPeeMode
                0x00001ac4       0x70 ./drivers/fsl_clock.o
                0x00001ac4                CLOCK_BootToPeeMode
 .text.CLOCK_EnableClock
                0x00001b34       0x34 ./drivers/fsl_lpsci.o
 .text.LPSCI_GetInstance
                0x00001b68       0x48 ./drivers/fsl_lpsci.o
                0x00001b68                LPSCI_GetInstance
 .text.LPSCI_Init
                0x00001bb0      0x258 ./drivers/fsl_lpsci.o
                0x00001bb0                LPSCI_Init
 .text.LPSCI_GetDefaultConfig
                0x00001e08       0x44 ./drivers/fsl_lpsci.o
                0x00001e08                LPSCI_GetDefaultConfig
 .text.LPSCI_ClearStatusFlags
                0x00001e4c       0x94 ./drivers/fsl_lpsci.o
                0x00001e4c                LPSCI_ClearStatusFlags
 .text.LPSCI_WriteBlocking
                0x00001ee0       0x4c ./drivers/fsl_lpsci.o
                0x00001ee0                LPSCI_WriteBlocking
 .text.LPSCI_ReadBlocking
                0x00001f2c       0xc0 ./drivers/fsl_lpsci.o
                0x00001f2c                LPSCI_ReadBlocking
 .text.UART0_DriverIRQHandler
                0x00001fec       0x24 ./drivers/fsl_lpsci.o
                0x00001fec                UART0_DriverIRQHandler
 .text.CLOCK_EnableClock
                0x00002010       0x34 ./drivers/fsl_uart.o
 .text.UART_GetInstance
                0x00002044       0x54 ./drivers/fsl_uart.o
                0x00002044                UART_GetInstance
 .text.UART_Init
                0x00002098      0x1e0 ./drivers/fsl_uart.o
                0x00002098                UART_Init
 .text.UART_GetDefaultConfig
                0x00002278       0x44 ./drivers/fsl_uart.o
                0x00002278                UART_GetDefaultConfig
 .text.UART_ReadBlocking
                0x000022bc       0x98 ./drivers/fsl_uart.o
                0x000022bc                UART_ReadBlocking
 .text.UART1_DriverIRQHandler
                0x00002354       0x24 ./drivers/fsl_uart.o
                0x00002354                UART1_DriverIRQHandler
 .text.UART2_DriverIRQHandler
                0x00002378       0x24 ./drivers/fsl_uart.o
                0x00002378                UART2_DriverIRQHandler
 .text.CLOCK_SetLpsci0Clock
                0x0000239c       0x38 ./board/board.o
 .text.BOARD_InitDebugConsole
                0x000023d4       0x30 ./board/board.o
                0x000023d4                BOARD_InitDebugConsole
 .text.CLOCK_SetSimSafeDivs
                0x00002404       0x20 ./board/clock_config.o
 .text.CLOCK_SetXtal0Freq
                0x00002424       0x1c ./board/clock_config.o
 .text.CLOCK_CONFIG_SetFllExtRefDiv
                0x00002440       0x3c ./board/clock_config.o
 .text.BOARD_BootClockRUN
                0x0000247c       0x64 ./board/clock_config.o
                0x0000247c                BOARD_BootClockRUN
 .text.CLOCK_EnableClock
                0x000024e0       0x34 ./board/pin_mux.o
 .text.PORT_SetPinMux
                0x00002514       0x40 ./board/pin_mux.o
 .text.BOARD_InitPins
                0x00002554       0x4c ./board/pin_mux.o
                0x00002554                BOARD_InitPins
 .text.SystemInit
                0x000025a0       0x18 ./CMSIS/system_MKL25Z4.o
                0x000025a0                SystemInit
 .text.__assertion_failed
                0x000025b8       0x4c c:/cu_files/mcuxpressoide_11.2.1_4149/ide/plugins/com.nxp.mcuxpresso.tools.win32_11.2.0.202008311134/tools/bin/../lib/gcc/arm-none-eabi/9.2.1/../../../../arm-none-eabi/lib/thumb/v6-m/nofp\libcr_nohost_nf.a(_cr_assert.o)
                0x000025b8                __assertion_failed
 .text._deferredlazyseek
                0x00002604       0x40 c:/cu_files/mcuxpressoide_11.2.1_4149/ide/plugins/com.nxp.mcuxpresso.tools.win32_11.2.0.202008311134/tools/bin/../lib/gcc/arm-none-eabi/9.2.1/../../../../arm-none-eabi/lib/thumb/v6-m/nofp\libcr_c.a(_deferredlazyseek.o)
                0x00002604                _deferredlazyseek
 .text.__flsbuf
                0x00002644      0x150 c:/cu_files/mcuxpressoide_11.2.1_4149/ide/plugins/com.nxp.mcuxpresso.tools.win32_11.2.0.202008311134/tools/bin/../lib/gcc/arm-none-eabi/9.2.1/../../../../arm-none-eabi/lib/thumb/v6-m/nofp\libcr_c.a(_deferredlazyseek.o)
                0x00002644                __flsbuf
 .text._fflush  0x00002794       0x60 c:/cu_files/mcuxpressoide_11.2.1_4149/ide/plugins/com.nxp.mcuxpresso.tools.win32_11.2.0.202008311134/tools/bin/../lib/gcc/arm-none-eabi/9.2.1/../../../../arm-none-eabi/lib/thumb/v6-m/nofp\libcr_c.a(_fflush.o)
                0x00002794                _fflush
 .text._Cwritebuf
                0x000027f4       0x68 c:/cu_files/mcuxpressoide_11.2.1_4149/ide/plugins/com.nxp.mcuxpresso.tools.win32_11.2.0.202008311134/tools/bin/../lib/gcc/arm-none-eabi/9.2.1/../../../../arm-none-eabi/lib/thumb/v6-m/nofp\libcr_c.a(_writebuf.o)
                0x000027f4                _Cwritebuf
 .text.malloc   0x0000285c       0xd0 c:/cu_files/mcuxpressoide_11.2.1_4149/ide/plugins/com.nxp.mcuxpresso.tools.win32_11.2.0.202008311134/tools/bin/../lib/gcc/arm-none-eabi/9.2.1/../../../../arm-none-eabi/lib/thumb/v6-m/nofp\libcr_c.a(alloc.o)
                0x0000285c                malloc
 .text._Csys_alloc
                0x0000292c       0x20 c:/cu_files/mcuxpressoide_11.2.1_4149/ide/plugins/com.nxp.mcuxpresso.tools.win32_11.2.0.202008311134/tools/bin/../lib/gcc/arm-none-eabi/9.2.1/../../../../arm-none-eabi/lib/thumb/v6-m/nofp\libcr_c.a(alloc.o)
                0x0000292c                _Csys_alloc
 .text.sprintf  0x0000294c       0x6c c:/cu_files/mcuxpressoide_11.2.1_4149/ide/plugins/com.nxp.mcuxpresso.tools.win32_11.2.0.202008311134/tools/bin/../lib/gcc/arm-none-eabi/9.2.1/../../../../arm-none-eabi/lib/thumb/v6-m/nofp\libcr_c.a(fpprintf.o)
                0x0000294c                sprintf
 .text.fp_display
                0x000029b8      0x97c c:/cu_files/mcuxpressoide_11.2.1_4149/ide/plugins/com.nxp.mcuxpresso.tools.win32_11.2.0.202008311134/tools/bin/../lib/gcc/arm-none-eabi/9.2.1/../../../../arm-none-eabi/lib/thumb/v6-m/nofp\libcr_c.a(fpprintf.o)
 .text.vsnprintf
                0x00003334       0x70 c:/cu_files/mcuxpressoide_11.2.1_4149/ide/plugins/com.nxp.mcuxpresso.tools.win32_11.2.0.202008311134/tools/bin/../lib/gcc/arm-none-eabi/9.2.1/../../../../arm-none-eabi/lib/thumb/v6-m/nofp\libcr_c.a(fpprintf.o)
                0x00003334                vsnprintf
 .text.printf   0x000033a4       0x50 c:/cu_files/mcuxpressoide_11.2.1_4149/ide/plugins/com.nxp.mcuxpresso.tools.win32_11.2.0.202008311134/tools/bin/../lib/gcc/arm-none-eabi/9.2.1/../../../../arm-none-eabi/lib/thumb/v6-m/nofp\libcr_c.a(fpprintf.o)
                0x000033a4                printf
 .text.fseek    0x000033f4       0xf4 c:/cu_files/mcuxpressoide_11.2.1_4149/ide/plugins/com.nxp.mcuxpresso.tools.win32_11.2.0.202008311134/tools/bin/../lib/gcc/arm-none-eabi/9.2.1/../../../../arm-none-eabi/lib/thumb/v6-m/nofp\libcr_c.a(fseek.o)
                0x000033f4                fseek
 .text.ftell    0x000034e8       0x48 c:/cu_files/mcuxpressoide_11.2.1_4149/ide/plugins/com.nxp.mcuxpresso.tools.win32_11.2.0.202008311134/tools/bin/../lib/gcc/arm-none-eabi/9.2.1/../../../../arm-none-eabi/lib/thumb/v6-m/nofp\libcr_c.a(ftell.o)
                0x000034e8                ftell
 .text._initio  0x00003530       0x7c c:/cu_files/mcuxpressoide_11.2.1_4149/ide/plugins/com.nxp.mcuxpresso.tools.win32_11.2.0.202008311134/tools/bin/../lib/gcc/arm-none-eabi/9.2.1/../../../../arm-none-eabi/lib/thumb/v6-m/nofp\libcr_c.a(initio.o)
                0x00003530                _initio
 .text.__vfprintf
                0x000035ac      0xd40 c:/cu_files/mcuxpressoide_11.2.1_4149/ide/plugins/com.nxp.mcuxpresso.tools.win32_11.2.0.202008311134/tools/bin/../lib/gcc/arm-none-eabi/9.2.1/../../../../arm-none-eabi/lib/thumb/v6-m/nofp\libcr_c.a(printf.o)
                0x000035ac                __vfprintf
 .text.setvbuf  0x000042ec       0x4c c:/cu_files/mcuxpressoide_11.2.1_4149/ide/plugins/com.nxp.mcuxpresso.tools.win32_11.2.0.202008311134/tools/bin/../lib/gcc/arm-none-eabi/9.2.1/../../../../arm-none-eabi/lib/thumb/v6-m/nofp\libcr_c.a(setvbuf.o)
                0x000042ec                setvbuf
 .text.strlen   0x00004338       0x58 c:/cu_files/mcuxpressoide_11.2.1_4149/ide/plugins/com.nxp.mcuxpresso.tools.win32_11.2.0.202008311134/tools/bin/../lib/gcc/arm-none-eabi/9.2.1/../../../../arm-none-eabi/lib/thumb/v6-m/nofp\libcr_c.a(strlen.o)
                0x00004338                strlen
 .text._sbrk    0x00004390       0x44 c:/cu_files/mcuxpressoide_11.2.1_4149/ide/plugins/com.nxp.mcuxpresso.tools.win32_11.2.0.202008311134/tools/bin/../lib/gcc/arm-none-eabi/9.2.1/../../../../arm-none-eabi/lib/thumb/v6-m/nofp\libcr_c.a(_cr_sbrk.o)
                0x00004390                _sbrk
 .text._fdopen  0x000043d4       0x74 c:/cu_files/mcuxpressoide_11.2.1_4149/ide/plugins/com.nxp.mcuxpresso.tools.win32_11.2.0.202008311134/tools/bin/../lib/gcc/arm-none-eabi/9.2.1/../../../../arm-none-eabi/lib/thumb/v6-m/nofp\libcr_c.a(_fdopen.o)
                0x000043d4                _fdopen
 .text._frexpl  0x00004448       0x80 c:/cu_files/mcuxpressoide_11.2.1_4149/ide/plugins/com.nxp.mcuxpresso.tools.win32_11.2.0.202008311134/tools/bin/../lib/gcc/arm-none-eabi/9.2.1/../../../../arm-none-eabi/lib/thumb/v6-m/nofp\libcr_c.a(_frexpl.o)
                0x00004448                _frexpl
 .text._ldexpl  0x000044c8       0x58 c:/cu_files/mcuxpressoide_11.2.1_4149/ide/plugins/com.nxp.mcuxpresso.tools.win32_11.2.0.202008311134/tools/bin/../lib/gcc/arm-none-eabi/9.2.1/../../../../arm-none-eabi/lib/thumb/v6-m/nofp\libcr_c.a(_ldexpl.o)
                0x000044c8                _ldexpl
 .text.fclose   0x00004520       0x5c c:/cu_files/mcuxpressoide_11.2.1_4149/ide/plugins/com.nxp.mcuxpresso.tools.win32_11.2.0.202008311134/tools/bin/../lib/gcc/arm-none-eabi/9.2.1/../../../../arm-none-eabi/lib/thumb/v6-m/nofp\libcr_c.a(fclose.o)
                0x00004520                fclose
 .text.fflush   0x0000457c       0x44 c:/cu_files/mcuxpressoide_11.2.1_4149/ide/plugins/com.nxp.mcuxpresso.tools.win32_11.2.0.202008311134/tools/bin/../lib/gcc/arm-none-eabi/9.2.1/../../../../arm-none-eabi/lib/thumb/v6-m/nofp\libcr_c.a(fflush.o)
                0x0000457c                fflush
 .text.__check_heap_overflow
                0x000045c0       0x14 c:/cu_files/mcuxpressoide_11.2.1_4149/ide/plugins/com.nxp.mcuxpresso.tools.win32_11.2.0.202008311134/tools/bin/../lib/gcc/arm-none-eabi/9.2.1/../../../../arm-none-eabi/lib/thumb/v6-m/nofp\libcr_c.a(_cr_check_heap.o)
                0x000045c0                __check_heap_overflow
 .text._do_fflush
                0x000045d4       0x48 c:/cu_files/mcuxpressoide_11.2.1_4149/ide/plugins/com.nxp.mcuxpresso.tools.win32_11.2.0.202008311134/tools/bin/../lib/gcc/arm-none-eabi/9.2.1/../../../../arm-none-eabi/lib/thumb/v6-m/nofp\libcr_c.a(_do_fflush.o)
                0x000045d4                _do_fflush
 .text.__aeabi_dmul
                0x0000461c      0x184 c:/cu_files/mcuxpressoide_11.2.1_4149/ide/plugins/com.nxp.mcuxpresso.tools.win32_11.2.0.202008311134/tools/bin/../lib/gcc/arm-none-eabi/9.2.1/thumb/v6-m/nofp\libcr_eabihelpers.a(double.o)
                0x0000461c                __aeabi_dmul
 .text.__aeabi_ddiv
                0x000047a0      0x150 c:/cu_files/mcuxpressoide_11.2.1_4149/ide/plugins/com.nxp.mcuxpresso.tools.win32_11.2.0.202008311134/tools/bin/../lib/gcc/arm-none-eabi/9.2.1/thumb/v6-m/nofp\libcr_eabihelpers.a(double.o)
                0x000047a0                __aeabi_ddiv
 .text.__aeabi_dsub
                0x000048f0      0x1e4 c:/cu_files/mcuxpressoide_11.2.1_4149/ide/plugins/com.nxp.mcuxpresso.tools.win32_11.2.0.202008311134/tools/bin/../lib/gcc/arm-none-eabi/9.2.1/thumb/v6-m/nofp\libcr_eabihelpers.a(double.o)
                0x000048f0                __aeabi_dsub
 .text.__aeabi_dadd
                0x00004ad4      0x134 c:/cu_files/mcuxpressoide_11.2.1_4149/ide/plugins/com.nxp.mcuxpresso.tools.win32_11.2.0.202008311134/tools/bin/../lib/gcc/arm-none-eabi/9.2.1/thumb/v6-m/nofp\libcr_eabihelpers.a(double.o)
                0x00004ad4                __aeabi_dadd
 .text.__aeabi_d2iz
                0x00004c08       0x50 c:/cu_files/mcuxpressoide_11.2.1_4149/ide/plugins/com.nxp.mcuxpresso.tools.win32_11.2.0.202008311134/tools/bin/../lib/gcc/arm-none-eabi/9.2.1/thumb/v6-m/nofp\libcr_eabihelpers.a(double.o)
                0x00004c08                __aeabi_d2iz
 .text.__aeabi_dcmpeq
                0x00004c58       0x30 c:/cu_files/mcuxpressoide_11.2.1_4149/ide/plugins/com.nxp.mcuxpresso.tools.win32_11.2.0.202008311134/tools/bin/../lib/gcc/arm-none-eabi/9.2.1/thumb/v6-m/nofp\libcr_eabihelpers.a(double.o)
                0x00004c58                __aeabi_dcmpeq
 .text.__aeabi_dcmplt
                0x00004c88       0x60 c:/cu_files/mcuxpressoide_11.2.1_4149/ide/plugins/com.nxp.mcuxpresso.tools.win32_11.2.0.202008311134/tools/bin/../lib/gcc/arm-none-eabi/9.2.1/thumb/v6-m/nofp\libcr_eabihelpers.a(double.o)
                0x00004c88                __aeabi_dcmplt
 .text.__aeabi_dcmple
                0x00004ce8       0x60 c:/cu_files/mcuxpressoide_11.2.1_4149/ide/plugins/com.nxp.mcuxpresso.tools.win32_11.2.0.202008311134/tools/bin/../lib/gcc/arm-none-eabi/9.2.1/thumb/v6-m/nofp\libcr_eabihelpers.a(double.o)
                0x00004ce8                __aeabi_dcmple
 .text.__aeabi_dcmpge
                0x00004d48       0x64 c:/cu_files/mcuxpressoide_11.2.1_4149/ide/plugins/com.nxp.mcuxpresso.tools.win32_11.2.0.202008311134/tools/bin/../lib/gcc/arm-none-eabi/9.2.1/thumb/v6-m/nofp\libcr_eabihelpers.a(double.o)
                0x00004d48                __aeabi_dcmpge
 .text.UART_EnableTx
                0x00004dac       0x40 ./utilities/fsl_debug_console.o
 .text.UART_EnableRx
                0x00004dec       0x40 ./utilities/fsl_debug_console.o
 .text.LPSCI_EnableTx
                0x00004e2c       0x40 ./utilities/fsl_debug_console.o
 .text.LPSCI_EnableRx
                0x00004e6c       0x40 ./utilities/fsl_debug_console.o
 .text.OSC_SetExtRefClkConfig
                0x00004eac       0x3e ./drivers/fsl_clock.o
 .text.OSC_SetCapLoad
                0x00004eea       0x42 ./drivers/fsl_clock.o
 .text.CLOCK_GetPll0RefFreq
                0x00004f2c       0x10 ./drivers/fsl_clock.o
 .text.CLOCK_SetExternalRefClkConfig
                0x00004f3c       0x16 ./drivers/fsl_clock.o
                0x00004f3c                CLOCK_SetExternalRefClkConfig
 .text.LPSCI_GetStatusFlags
                0x00004f52       0x26 ./drivers/fsl_lpsci.o
                0x00004f52                LPSCI_GetStatusFlags
 .text.UART_GetStatusFlags
                0x00004f78       0x26 ./drivers/fsl_uart.o
                0x00004f78                UART_GetStatusFlags
 .text.UART_WriteBlocking
                0x00004f9e       0x3c ./drivers/fsl_uart.o
                0x00004f9e                UART_WriteBlocking
 .text.BOARD_InitBootClocks
                0x00004fda        0xe ./board/clock_config.o
                0x00004fda                BOARD_InitBootClocks
 .text.BOARD_InitBootPeripherals
                0x00004fe8        0xa ./board/peripherals.o
                0x00004fe8                BOARD_InitBootPeripherals
 .text.BOARD_InitBootPins
                0x00004ff2        0xe ./board/pin_mux.o
                0x00004ff2                BOARD_InitBootPins
 .text.__main   0x00005000        0xc c:/cu_files/mcuxpressoide_11.2.1_4149/ide/plugins/com.nxp.mcuxpresso.tools.win32_11.2.0.202008311134/tools/bin/../lib/gcc/arm-none-eabi/9.2.1/../../../../arm-none-eabi/lib/thumb/v6-m/nofp\libcr_nohost_nf.a(_cr__main.o)
                0x00005000                __main
 .text.__sys_appexit
                0x0000500c        0x2 c:/cu_files/mcuxpressoide_11.2.1_4149/ide/plugins/com.nxp.mcuxpresso.tools.win32_11.2.0.202008311134/tools/bin/../lib/gcc/arm-none-eabi/9.2.1/../../../../arm-none-eabi/lib/thumb/v6-m/nofp\libcr_nohost_nf.a(__sys_appexit.o)
                0x0000500c                __sys_appexit
                0x0000500c                __exit
 .text.memset   0x0000500e        0x8 c:/cu_files/mcuxpressoide_11.2.1_4149/ide/plugins/com.nxp.mcuxpresso.tools.win32_11.2.0.202008311134/tools/bin/../lib/gcc/arm-none-eabi/9.2.1/../../../../arm-none-eabi/lib/thumb/v6-m/nofp\libcr_c.a(memset.o)
                0x0000500e                memset
 .text.free     0x00005016       0x2c c:/cu_files/mcuxpressoide_11.2.1_4149/ide/plugins/com.nxp.mcuxpresso.tools.win32_11.2.0.202008311134/tools/bin/../lib/gcc/arm-none-eabi/9.2.1/../../../../arm-none-eabi/lib/thumb/v6-m/nofp\libcr_c.a(alloc.o)
                0x00005016                free
 .text.fp_round
                0x00005042       0x4a c:/cu_files/mcuxpressoide_11.2.1_4149/ide/plugins/com.nxp.mcuxpresso.tools.win32_11.2.0.202008311134/tools/bin/../lib/gcc/arm-none-eabi/9.2.1/../../../../arm-none-eabi/lib/thumb/v6-m/nofp\libcr_c.a(fpprintf.o)
 .text.pr_dec.constprop.0
                0x0000508c       0x30 c:/cu_files/mcuxpressoide_11.2.1_4149/ide/plugins/com.nxp.mcuxpresso.tools.win32_11.2.0.202008311134/tools/bin/../lib/gcc/arm-none-eabi/9.2.1/../../../../arm-none-eabi/lib/thumb/v6-m/nofp\libcr_c.a(fpprintf.o)
 .text.fputs    0x000050bc       0x2e c:/cu_files/mcuxpressoide_11.2.1_4149/ide/plugins/com.nxp.mcuxpresso.tools.win32_11.2.0.202008311134/tools/bin/../lib/gcc/arm-none-eabi/9.2.1/../../../../arm-none-eabi/lib/thumb/v6-m/nofp\libcr_c.a(fputs.o)
                0x000050bc                fputs
 .text.remove   0x000050ea       0x12 c:/cu_files/mcuxpressoide_11.2.1_4149/ide/plugins/com.nxp.mcuxpresso.tools.win32_11.2.0.202008311134/tools/bin/../lib/gcc/arm-none-eabi/9.2.1/../../../../arm-none-eabi/lib/thumb/v6-m/nofp\libcr_c.a(remove.o)
                0x000050ea                remove
 .text.__aeabi_division_idivmod
                0x000050fc       0x78 c:/cu_files/mcuxpressoide_11.2.1_4149/ide/plugins/com.nxp.mcuxpresso.tools.win32_11.2.0.202008311134/tools/bin/../lib/gcc/arm-none-eabi/9.2.1/thumb/v6-m/nofp\libcr_eabihelpers.a(division_32.o)
                0x000050fc                __aeabi_idivmod
                0x000050fc                __aeabi_idiv
                0x00005102                __aeabi_uidivmod
                0x00005102                __aeabi_uidiv
 .text.__aeabi_division_idiv0
                0x00005174        0x2 c:/cu_files/mcuxpressoide_11.2.1_4149/ide/plugins/com.nxp.mcuxpresso.tools.win32_11.2.0.202008311134/tools/bin/../lib/gcc/arm-none-eabi/9.2.1/thumb/v6-m/nofp\libcr_eabihelpers.a(division_idiv0.o)
                0x00005174                __aeabi_idiv0
 .text.__bhs_ui2d
                0x00005176       0x5e c:/cu_files/mcuxpressoide_11.2.1_4149/ide/plugins/com.nxp.mcuxpresso.tools.win32_11.2.0.202008311134/tools/bin/../lib/gcc/arm-none-eabi/9.2.1/thumb/v6-m/nofp\libcr_eabihelpers.a(double.o)
                0x00005176                __bhs_ui2d
 .text.__aeabi_i2d
                0x000051d4       0x18 c:/cu_files/mcuxpressoide_11.2.1_4149/ide/plugins/com.nxp.mcuxpresso.tools.win32_11.2.0.202008311134/tools/bin/../lib/gcc/arm-none-eabi/9.2.1/thumb/v6-m/nofp\libcr_eabihelpers.a(double.o)
                0x000051d4                __aeabi_i2d
 .text.__aeabi_llong_lmul
                0x000051ec       0x2e c:/cu_files/mcuxpressoide_11.2.1_4149/ide/plugins/com.nxp.mcuxpresso.tools.win32_11.2.0.202008311134/tools/bin/../lib/gcc/arm-none-eabi/9.2.1/thumb/v6-m/nofp\libcr_eabihelpers.a(llong.o)
                0x000051ec                __aeabi_lmul
 .text.__aeabi_memset_lowlevel
                0x0000521a       0x2a c:/cu_files/mcuxpressoide_11.2.1_4149/ide/plugins/com.nxp.mcuxpresso.tools.win32_11.2.0.202008311134/tools/bin/../lib/gcc/arm-none-eabi/9.2.1/thumb/v6-m/nofp\libcr_eabihelpers.a(memcpy.o)
                0x0000521a                __aeabi_lowlevel_memset
 .text.__gnu_thumb1_case_shi
                0x00005244       0x10 c:/cu_files/mcuxpressoide_11.2.1_4149/ide/plugins/com.nxp.mcuxpresso.tools.win32_11.2.0.202008311134/tools/bin/../lib/gcc/arm-none-eabi/9.2.1/thumb/v6-m/nofp\libcr_eabihelpers.a(thumb1_switch_helpers.o)
                0x00005244                __gnu_thumb1_case_shi
 .text.__sys_close
                0x00005254        0x6 c:/cu_files/mcuxpressoide_11.2.1_4149/ide/plugins/com.nxp.mcuxpresso.tools.win32_11.2.0.202008311134/tools/bin/../lib/gcc/arm-none-eabi/9.2.1/../../../../arm-none-eabi/lib/thumb/v6-m/nofp\libcr_nohost_nf.a(__sys_close.o)
                0x00005254                __sys_close
 .text.__sys_flen
                0x0000525a        0x6 c:/cu_files/mcuxpressoide_11.2.1_4149/ide/plugins/com.nxp.mcuxpresso.tools.win32_11.2.0.202008311134/tools/bin/../lib/gcc/arm-none-eabi/9.2.1/../../../../arm-none-eabi/lib/thumb/v6-m/nofp\libcr_nohost_nf.a(__sys_flen.o)
                0x0000525a                __sys_flen
 .text.__sys_istty
                0x00005260        0x6 c:/cu_files/mcuxpressoide_11.2.1_4149/ide/plugins/com.nxp.mcuxpresso.tools.win32_11.2.0.202008311134/tools/bin/../lib/gcc/arm-none-eabi/9.2.1/../../../../arm-none-eabi/lib/thumb/v6-m/nofp\libcr_nohost_nf.a(__sys_istty.o)
                0x00005260                __sys_istty
 .text.__sys_remove
                0x00005266        0x6 c:/cu_files/mcuxpressoide_11.2.1_4149/ide/plugins/com.nxp.mcuxpresso.tools.win32_11.2.0.202008311134/tools/bin/../lib/gcc/arm-none-eabi/9.2.1/../../../../arm-none-eabi/lib/thumb/v6-m/nofp\libcr_nohost_nf.a(__sys_remove.o)
                0x00005266                __sys_remove
 .text.__sys_seek
                0x0000526c        0x6 c:/cu_files/mcuxpressoide_11.2.1_4149/ide/plugins/com.nxp.mcuxpresso.tools.win32_11.2.0.202008311134/tools/bin/../lib/gcc/arm-none-eabi/9.2.1/../../../../arm-none-eabi/lib/thumb/v6-m/nofp\libcr_nohost_nf.a(__sys_seek.o)
                0x0000526c                __sys_seek
 .text.__sys_tmpnam
                0x00005272        0x6 c:/cu_files/mcuxpressoide_11.2.1_4149/ide/plugins/com.nxp.mcuxpresso.tools.win32_11.2.0.202008311134/tools/bin/../lib/gcc/arm-none-eabi/9.2.1/../../../../arm-none-eabi/lib/thumb/v6-m/nofp\libcr_nohost_nf.a(__sys_tmpnam.o)
                0x00005272                __sys_tmpnam
 *(SORT_BY_ALIGNMENT(.rodata) SORT_BY_ALIGNMENT(.rodata.*) SORT_BY_ALIGNMENT(.constdata) SORT_BY_ALIGNMENT(.constdata.*))
 .rodata.main.str1.4
                0x00005278       0x6a ./source/A7_Autotune.o
 *fill*         0x000052e2        0x2 ff
 .rodata.analyse_ADC_buff.str1.4
                0x000052e4       0x1f ./source/ADC.o
 *fill*         0x00005303        0x1 ff
 .rodata.sin_lookup
                0x00005304       0x42 ./source/sin.o
 *fill*         0x00005346        0x2 ff
 .rodata.CLOCK_GetMcgExtClkFreq.str1.4
                0x00005348       0x1f ./drivers/fsl_clock.o
 *fill*         0x00005367        0x1 ff
 .rodata.CLOCK_GetPll0Freq.str1.4
                0x00005368       0x1e ./drivers/fsl_clock.o
 *fill*         0x00005386        0x2 ff
 .rodata.CLOCK_EnablePll0.str1.4
                0x00005388       0x1a ./drivers/fsl_clock.o
 *fill*         0x000053a2        0x2 ff
 .rodata.CLOCK_SetPbeMode.str1.4
                0x000053a4       0x1b ./drivers/fsl_clock.o
 *fill*         0x000053bf        0x1 ff
 .rodata.CLOCK_BootToPeeMode.str1.4
                0x000053c0       0x1b ./drivers/fsl_clock.o
 *fill*         0x000053db        0x1 ff
 .rodata.fllFactorTable.5210
                0x000053dc       0x10 ./drivers/fsl_clock.o
 .rodata.LPSCI_GetInstance.str1.4
                0x000053ec       0x37 ./drivers/fsl_lpsci.o
 *fill*         0x00005423        0x1 ff
 .rodata.LPSCI_Init.str1.4
                0x00005424       0x44 ./drivers/fsl_lpsci.o
 .rodata.LPSCI_GetDefaultConfig.str1.4
                0x00005468       0x1a ./drivers/fsl_lpsci.o
 *fill*         0x00005482        0x2 ff
 .rodata.LPSCI_WriteBlocking.str1.4
                0x00005484       0x18 ./drivers/fsl_lpsci.o
 .rodata.LPSCI_ReadBlocking.str1.4
                0x0000549c       0x18 ./drivers/fsl_lpsci.o
 .rodata.s_uartBases
                0x000054b4        0xc ./drivers/fsl_uart.o
 .rodata.s_uartClock
                0x000054c0        0xc ./drivers/fsl_uart.o
 .rodata.UART_GetInstance.str1.4
                0x000054cc       0x2c ./drivers/fsl_uart.o
 .rodata.UART_Init.str1.4
                0x000054f8       0x43 ./drivers/fsl_uart.o
 *fill*         0x0000553b        0x1 ff
 .rodata.UART_GetDefaultConfig.str1.4
                0x0000553c       0x19 ./drivers/fsl_uart.o
 *fill*         0x00005555        0x3 ff
 .rodata.UART_ReadBlocking.str1.4
                0x00005558       0x17 ./drivers/fsl_uart.o
 *fill*         0x0000556f        0x1 ff
 .rodata.mcgConfig_BOARD_BootClockRUN
                0x00005570        0xa ./board/clock_config.o
                0x00005570                mcgConfig_BOARD_BootClockRUN
 *fill*         0x0000557a        0x2 ff
 .rodata.simConfig_BOARD_BootClockRUN
                0x0000557c        0x8 ./board/clock_config.o
                0x0000557c                simConfig_BOARD_BootClockRUN
 .rodata.oscConfig_BOARD_BootClockRUN
                0x00005584        0x8 ./board/clock_config.o
                0x00005584                oscConfig_BOARD_BootClockRUN
 .rodata.__num_Ciob_streams
                0x0000558c        0x4 c:/cu_files/mcuxpressoide_11.2.1_4149/ide/plugins/com.nxp.mcuxpresso.tools.win32_11.2.0.202008311134/tools/bin/../lib/gcc/arm-none-eabi/9.2.1/../../../../arm-none-eabi/lib/thumb/v6-m/nofp\libcr_nohost_nf.a(__ciob.o)
                0x0000558c                __num_Ciob_streams
 .rodata.__assertion_failed.str1.1
                0x00005590       0x15 c:/cu_files/mcuxpressoide_11.2.1_4149/ide/plugins/com.nxp.mcuxpresso.tools.win32_11.2.0.202008311134/tools/bin/../lib/gcc/arm-none-eabi/9.2.1/../../../../arm-none-eabi/lib/thumb/v6-m/nofp\libcr_nohost_nf.a(_cr_assert.o)
 .rodata._Csys_alloc.str1.1
                0x000055a5       0x18 c:/cu_files/mcuxpressoide_11.2.1_4149/ide/plugins/com.nxp.mcuxpresso.tools.win32_11.2.0.202008311134/tools/bin/../lib/gcc/arm-none-eabi/9.2.1/../../../../arm-none-eabi/lib/thumb/v6-m/nofp\libcr_c.a(alloc.o)
 .rodata.fp_display.str1.1
                0x000055bd       0x32 c:/cu_files/mcuxpressoide_11.2.1_4149/ide/plugins/com.nxp.mcuxpresso.tools.win32_11.2.0.202008311134/tools/bin/../lib/gcc/arm-none-eabi/9.2.1/../../../../arm-none-eabi/lib/thumb/v6-m/nofp\libcr_c.a(fpprintf.o)
                                 0x35 (size before relaxing)
 .rodata._initio.str1.1
                0x000055ef        0x4 c:/cu_files/mcuxpressoide_11.2.1_4149/ide/plugins/com.nxp.mcuxpresso.tools.win32_11.2.0.202008311134/tools/bin/../lib/gcc/arm-none-eabi/9.2.1/../../../../arm-none-eabi/lib/thumb/v6-m/nofp\libcr_c.a(initio.o)
 .rodata.__vfprintf.str1.1
                0x000055f3       0x31 c:/cu_files/mcuxpressoide_11.2.1_4149/ide/plugins/com.nxp.mcuxpresso.tools.win32_11.2.0.202008311134/tools/bin/../lib/gcc/arm-none-eabi/9.2.1/../../../../arm-none-eabi/lib/thumb/v6-m/nofp\libcr_c.a(printf.o)
                                 0x38 (size before relaxing)
                0x00005624                . = ALIGN (0x4)

.glue_7         0x00005624        0x0
 .glue_7        0x00005624        0x0 linker stubs

.glue_7t        0x00005624        0x0
 .glue_7t       0x00005624        0x0 linker stubs

.vfp11_veneer   0x00005624        0x0
 .vfp11_veneer  0x00005624        0x0 linker stubs

.v4_bx          0x00005624        0x0
 .v4_bx         0x00005624        0x0 linker stubs

.iplt           0x00005624        0x0
 .iplt          0x00005624        0x0 ./utilities/fsl_debug_console.o

.rel.dyn        0x00005624        0x0
 .rel.iplt      0x00005624        0x0 ./utilities/fsl_debug_console.o

.ARM.extab
 *(SORT_BY_ALIGNMENT(.ARM.extab*) SORT_BY_ALIGNMENT(.gnu.linkonce.armextab.*))

.ARM.exidx      0x00005624        0x0
                0x00005624                __exidx_start = .
 *(SORT_BY_ALIGNMENT(.ARM.exidx*) SORT_BY_ALIGNMENT(.gnu.linkonce.armexidx.*))
                0x00005624                __exidx_end = .
                0x00005624                _etext = .

.m_usb_data
 *(SORT_BY_ALIGNMENT(m_usb_bdt))

.mtb_buffer_default
                0x1ffff000       0x80
 *(SORT_BY_ALIGNMENT(.mtb*))
 .mtb.$RAM1     0x1ffff000       0x80 ./source/mtb.o
                0x1ffff000                __mtb_buffer__

.uninit_RESERVED
                0x1ffff080        0x0
                0x1ffff080                _start_uninit_RESERVED = .
 *(SORT_BY_ALIGNMENT(.bss.$RESERVED*))
                0x1ffff080                . = ALIGN (0x4)
                0x1ffff080                _end_uninit_RESERVED = .

.data           0x1ffff080        0x8 load address 0x00005624
 FILL mask 0xff
                0x1ffff080                _data = .
                [!provide]                PROVIDE (__start_data_RAM = .)
                [!provide]                PROVIDE (__start_data_SRAM = .)
 *(SORT_BY_ALIGNMENT(vtable))
 *(SORT_BY_ALIGNMENT(.ramfunc*))
 *(SORT_BY_ALIGNMENT(CodeQuickAccess))
 *(SORT_BY_ALIGNMENT(DataQuickAccess))
 *(SORT_BY_ALIGNMENT(RamFunction))
 *(SORT_BY_ALIGNMENT(.data*))
 .data.s_slowIrcFreq
                0x1ffff080        0x4 ./drivers/fsl_clock.o
 .data.SystemCoreClock
                0x1ffff084        0x4 ./CMSIS/system_MKL25Z4.o
                0x1ffff084                SystemCoreClock
                0x1ffff088                . = ALIGN (0x4)
                0x1ffff088                _edata = .
                [!provide]                PROVIDE (__end_data_RAM = .)
                [!provide]                PROVIDE (__end_data_SRAM = .)

.igot.plt       0x1ffff088        0x0 load address 0x0000562c
 .igot.plt      0x1ffff088        0x0 ./utilities/fsl_debug_console.o

.bss            0x1ffff088     0x27bc
                0x1ffff088                _bss = .
                [!provide]                PROVIDE (__start_bss_RAM = .)
                [!provide]                PROVIDE (__start_bss_SRAM = .)
 *(SORT_BY_ALIGNMENT(.bss*))
 .bss.s_debugConsole
                0x1ffff088       0x10 ./utilities/fsl_debug_console.o
 .bss.buffer_A4
                0x1ffff098      0x7aa ./source/A7_Autotune.o
                0x1ffff098                buffer_A4
 *fill*         0x1ffff842        0x2 
 .bss.buffer_D5
                0x1ffff844      0x798 ./source/A7_Autotune.o
                0x1ffff844                buffer_D5
 .bss.buffer_E5
                0x1fffffdc      0x7e0 ./source/A7_Autotune.o
                0x1fffffdc                buffer_E5
 .bss.buffer_A5
                0x200007bc      0x798 ./source/A7_Autotune.o
                0x200007bc                buffer_A5
 .bss.adc_buffer
                0x20000f54      0x800 ./source/ADC.o
                0x20000f54                adc_buffer
 .bss.source_copy
                0x20001754        0x4 ./source/DMA.o
                0x20001754                source_copy
 .bss.DMA_byte_count
                0x20001758        0x4 ./source/DMA.o
                0x20001758                DMA_byte_count
 .bss.tick      0x2000175c        0x4 ./source/systick.o
                0x2000175c                tick
 .bss.g_xtal0Freq
                0x20001760        0x4 ./drivers/fsl_clock.o
                0x20001760                g_xtal0Freq
 .bss.s_lpsciHandle
                0x20001764        0x4 ./drivers/fsl_lpsci.o
 .bss.s_lpsciIsr
                0x20001768        0x4 ./drivers/fsl_lpsci.o
 .bss.s_uartHandle
                0x2000176c        0xc ./drivers/fsl_uart.o
 .bss.s_uartIsr
                0x20001778        0x4 ./drivers/fsl_uart.o
 .bss.__Ciob    0x2000177c       0xb4 c:/cu_files/mcuxpressoide_11.2.1_4149/ide/plugins/com.nxp.mcuxpresso.tools.win32_11.2.0.202008311134/tools/bin/../lib/gcc/arm-none-eabi/9.2.1/../../../../arm-none-eabi/lib/thumb/v6-m/nofp\libcr_nohost_nf.a(__ciob.o)
                0x2000177c                __Ciob
 .bss.__end_of_heap
                0x20001830        0x4 c:/cu_files/mcuxpressoide_11.2.1_4149/ide/plugins/com.nxp.mcuxpresso.tools.win32_11.2.0.202008311134/tools/bin/../lib/gcc/arm-none-eabi/9.2.1/../../../../arm-none-eabi/lib/thumb/v6-m/nofp\libcr_c.a(__init_alloc.o)
                0x20001830                __end_of_heap
 .bss.__heaps   0x20001834        0x4 c:/cu_files/mcuxpressoide_11.2.1_4149/ide/plugins/com.nxp.mcuxpresso.tools.win32_11.2.0.202008311134/tools/bin/../lib/gcc/arm-none-eabi/9.2.1/../../../../arm-none-eabi/lib/thumb/v6-m/nofp\libcr_c.a(__init_alloc.o)
                0x20001834                __heaps
 .bss.errno     0x20001838        0x4 c:/cu_files/mcuxpressoide_11.2.1_4149/ide/plugins/com.nxp.mcuxpresso.tools.win32_11.2.0.202008311134/tools/bin/../lib/gcc/arm-none-eabi/9.2.1/../../../../arm-none-eabi/lib/thumb/v6-m/nofp\libcr_c.a(errno.o)
                0x20001838                errno
 .bss.num_samples_pp
                0x2000183c        0x2 ./source/sin.o
                0x2000183c                num_samples_pp
 .bss.freq      0x2000183e        0x2 ./source/sin.o
                0x2000183e                freq
 .bss.samples_gen
                0x20001840        0x2 ./source/sin.o
                0x20001840                samples_gen
 *(SORT_BY_ALIGNMENT(COMMON))
                0x20001844                . = ALIGN (0x4)
 *fill*         0x20001842        0x2 
                0x20001844                _ebss = .
                [!provide]                PROVIDE (__end_bss_RAM = .)
                [!provide]                PROVIDE (__end_bss_SRAM = .)
                [!provide]                PROVIDE (end = .)

.noinit         0x20001844        0x0
                0x20001844                _noinit = .
                [!provide]                PROVIDE (__start_noinit_RAM = .)
                [!provide]                PROVIDE (__start_noinit_SRAM = .)
 *(SORT_BY_ALIGNMENT(.noinit*))
                0x20001844                . = ALIGN (0x4)
                0x20001844                _end_noinit = .
                [!provide]                PROVIDE (__end_noinit_RAM = .)
                [!provide]                PROVIDE (__end_noinit_SRAM = .)
                0x00000400                _HeapSize = 0x400

.heap           0x20001844      0x400
                0x20001844                _pvHeapStart = .
                0x20001c44                . = (. + _HeapSize)
 *fill*         0x20001844      0x400 
                0x20001c44                . = ALIGN (0x4)
                0x20001c44                _pvHeapLimit = .
                0x00000400                _StackSize = 0x400

.heap2stackfill
                0x20001c44      0x400
                0x20002044                . = (. + _StackSize)
 *fill*         0x20001c44      0x400 

.stack          0x20002c00        0x0
                0x20002c00                _vStackBase = .
                0x20002c00                . = ALIGN (0x4)
                0x20003000                _vStackTop = (. + _StackSize)
                0x00000000                _image_start = LOADADDR (.text)
                0x0000562c                _image_end = (LOADADDR (.data) + SIZEOF (.data))
                0x0000562c                _image_size = (_image_end - _image_start)
OUTPUT(A7_Autotune.axf elf32-littlearm)

.debug_info     0x00000000     0x9f09
 .debug_info    0x00000000      0xa38 ./utilities/fsl_debug_console.o
 .debug_info    0x00000a38      0x4df ./startup/startup_mkl25z4.o
 .debug_info    0x00000f17      0x9e0 ./source/A7_Autotune.o
 .debug_info    0x000018f7      0x7c5 ./source/ADC.o
 .debug_info    0x000020bc      0x41b ./source/DAC.o
 .debug_info    0x000024d7      0x993 ./source/DMA.o
 .debug_info    0x00002e6a      0x4e5 ./source/TPM0.o
 .debug_info    0x0000334f      0x1e2 ./source/autocorrelate.o
 .debug_info    0x00003531       0x53 ./source/mtb.o
 .debug_info    0x00003584       0x3c ./source/semihost_hardfault.o
 .debug_info    0x000035c0      0x392 ./source/sin.o
 .debug_info    0x00003952      0x58a ./source/systick.o
 .debug_info    0x00003edc     0x1a97 ./drivers/fsl_clock.o
 .debug_info    0x00005973     0x1469 ./drivers/fsl_lpsci.o
 .debug_info    0x00006ddc     0x140a ./drivers/fsl_uart.o
 .debug_info    0x000081e6      0x80b ./board/board.o
 .debug_info    0x000089f1      0xb00 ./board/clock_config.o
 .debug_info    0x000094f1       0x3c ./board/peripherals.o
 .debug_info    0x0000952d      0x5a3 ./board/pin_mux.o
 .debug_info    0x00009ad0      0x439 ./CMSIS/system_MKL25Z4.o

.debug_abbrev   0x00000000     0x2141
 .debug_abbrev  0x00000000      0x22c ./utilities/fsl_debug_console.o
 .debug_abbrev  0x0000022c      0x18d ./startup/startup_mkl25z4.o
 .debug_abbrev  0x000003b9      0x1fa ./source/A7_Autotune.o
 .debug_abbrev  0x000005b3      0x1a5 ./source/ADC.o
 .debug_abbrev  0x00000758      0x118 ./source/DAC.o
 .debug_abbrev  0x00000870      0x236 ./source/DMA.o
 .debug_abbrev  0x00000aa6      0x13a ./source/TPM0.o
 .debug_abbrev  0x00000be0       0xfd ./source/autocorrelate.o
 .debug_abbrev  0x00000cdd       0x46 ./source/mtb.o
 .debug_abbrev  0x00000d23       0x31 ./source/semihost_hardfault.o
 .debug_abbrev  0x00000d54      0x18a ./source/sin.o
 .debug_abbrev  0x00000ede      0x1bf ./source/systick.o
 .debug_abbrev  0x0000109d      0x36f ./drivers/fsl_clock.o
 .debug_abbrev  0x0000140c      0x309 ./drivers/fsl_lpsci.o
 .debug_abbrev  0x00001715      0x323 ./drivers/fsl_uart.o
 .debug_abbrev  0x00001a38      0x1a7 ./board/board.o
 .debug_abbrev  0x00001bdf      0x220 ./board/clock_config.o
 .debug_abbrev  0x00001dff       0x31 ./board/peripherals.o
 .debug_abbrev  0x00001e30      0x1bb ./board/pin_mux.o
 .debug_abbrev  0x00001feb      0x156 ./CMSIS/system_MKL25Z4.o

.debug_aranges  0x00000000      0x888
 .debug_aranges
                0x00000000       0x58 ./utilities/fsl_debug_console.o
 .debug_aranges
                0x00000058      0x160 ./startup/startup_mkl25z4.o
 .debug_aranges
                0x000001b8       0x28 ./source/A7_Autotune.o
 .debug_aranges
                0x000001e0       0x30 ./source/ADC.o
 .debug_aranges
                0x00000210       0x20 ./source/DAC.o
 .debug_aranges
                0x00000230       0x48 ./source/DMA.o
 .debug_aranges
                0x00000278       0x28 ./source/TPM0.o
 .debug_aranges
                0x000002a0       0x20 ./source/autocorrelate.o
 .debug_aranges
                0x000002c0       0x18 ./source/mtb.o
 .debug_aranges
                0x000002d8       0x20 ./source/semihost_hardfault.o
 .debug_aranges
                0x000002f8       0x38 ./source/sin.o
 .debug_aranges
                0x00000330       0x38 ./source/systick.o
 .debug_aranges
                0x00000368      0x1d8 ./drivers/fsl_clock.o
 .debug_aranges
                0x00000540      0x118 ./drivers/fsl_lpsci.o
 .debug_aranges
                0x00000658      0x130 ./drivers/fsl_uart.o
 .debug_aranges
                0x00000788       0x28 ./board/board.o
 .debug_aranges
                0x000007b0       0x58 ./board/clock_config.o
 .debug_aranges
                0x00000808       0x20 ./board/peripherals.o
 .debug_aranges
                0x00000828       0x38 ./board/pin_mux.o
 .debug_aranges
                0x00000860       0x28 ./CMSIS/system_MKL25Z4.o

.debug_ranges   0x00000000      0x740
 .debug_ranges  0x00000000       0x48 ./utilities/fsl_debug_console.o
 .debug_ranges  0x00000048      0x150 ./startup/startup_mkl25z4.o
 .debug_ranges  0x00000198       0x18 ./source/A7_Autotune.o
 .debug_ranges  0x000001b0       0x20 ./source/ADC.o
 .debug_ranges  0x000001d0       0x10 ./source/DAC.o
 .debug_ranges  0x000001e0       0x38 ./source/DMA.o
 .debug_ranges  0x00000218       0x18 ./source/TPM0.o
 .debug_ranges  0x00000230       0x10 ./source/autocorrelate.o
 .debug_ranges  0x00000240       0x10 ./source/semihost_hardfault.o
 .debug_ranges  0x00000250       0x28 ./source/sin.o
 .debug_ranges  0x00000278       0x28 ./source/systick.o
 .debug_ranges  0x000002a0      0x1c8 ./drivers/fsl_clock.o
 .debug_ranges  0x00000468      0x108 ./drivers/fsl_lpsci.o
 .debug_ranges  0x00000570      0x120 ./drivers/fsl_uart.o
 .debug_ranges  0x00000690       0x18 ./board/board.o
 .debug_ranges  0x000006a8       0x48 ./board/clock_config.o
 .debug_ranges  0x000006f0       0x10 ./board/peripherals.o
 .debug_ranges  0x00000700       0x28 ./board/pin_mux.o
 .debug_ranges  0x00000728       0x18 ./CMSIS/system_MKL25Z4.o

.debug_macro    0x00000000     0x90b5
 .debug_macro   0x00000000      0x13a ./utilities/fsl_debug_console.o
 .debug_macro   0x0000013a      0xab4 ./utilities/fsl_debug_console.o
 .debug_macro   0x00000bee       0x10 ./utilities/fsl_debug_console.o
 .debug_macro   0x00000bfe       0x16 ./utilities/fsl_debug_console.o
 .debug_macro   0x00000c14       0x10 ./utilities/fsl_debug_console.o
 .debug_macro   0x00000c24      0x12e ./utilities/fsl_debug_console.o
 .debug_macro   0x00000d52       0x28 ./utilities/fsl_debug_console.o
 .debug_macro   0x00000d7a       0xc4 ./utilities/fsl_debug_console.o
 .debug_macro   0x00000e3e       0x16 ./utilities/fsl_debug_console.o
 .debug_macro   0x00000e54       0x22 ./utilities/fsl_debug_console.o
 .debug_macro   0x00000e76      0x5b3 ./utilities/fsl_debug_console.o
 .debug_macro   0x00001429       0x10 ./utilities/fsl_debug_console.o
 .debug_macro   0x00001439       0x3f ./utilities/fsl_debug_console.o
 .debug_macro   0x00001478       0x3a ./utilities/fsl_debug_console.o
 .debug_macro   0x000014b2       0x26 ./utilities/fsl_debug_console.o
 .debug_macro   0x000014d8      0x329 ./utilities/fsl_debug_console.o
 .debug_macro   0x00001801       0x30 ./utilities/fsl_debug_console.o
 .debug_macro   0x00001831     0x51e2 ./utilities/fsl_debug_console.o
 .debug_macro   0x00006a13     0x1352 ./utilities/fsl_debug_console.o
 .debug_macro   0x00007d65       0x3a ./utilities/fsl_debug_console.o
 .debug_macro   0x00007d9f       0xf4 ./utilities/fsl_debug_console.o
 .debug_macro   0x00007e93       0x35 ./utilities/fsl_debug_console.o
 .debug_macro   0x00007ec8       0x9a ./utilities/fsl_debug_console.o
 .debug_macro   0x00007f62       0x2e ./utilities/fsl_debug_console.o
 .debug_macro   0x00007f90       0x10 ./utilities/fsl_debug_console.o
 .debug_macro   0x00007fa0       0x10 ./utilities/fsl_debug_console.o
 .debug_macro   0x00007fb0       0x29 ./startup/startup_mkl25z4.o
 .debug_macro   0x00007fd9      0x186 ./source/A7_Autotune.o
 .debug_macro   0x0000815f       0xa0 ./source/A7_Autotune.o
 .debug_macro   0x000081ff       0x16 ./source/A7_Autotune.o
 .debug_macro   0x00008215       0x10 ./source/A7_Autotune.o
 .debug_macro   0x00008225      0x112 ./source/A7_Autotune.o
 .debug_macro   0x00008337       0x34 ./source/A7_Autotune.o
 .debug_macro   0x0000836b       0x10 ./source/A7_Autotune.o
 .debug_macro   0x0000837b       0x22 ./source/A7_Autotune.o
 .debug_macro   0x0000839d       0x22 ./source/A7_Autotune.o
 .debug_macro   0x000083bf       0xb0 ./source/ADC.o
 .debug_macro   0x0000846f       0x34 ./source/ADC.o
 .debug_macro   0x000084a3       0x92 ./source/DAC.o
 .debug_macro   0x00008535       0xa3 ./source/DMA.o
 .debug_macro   0x000085d8       0xb2 ./source/TPM0.o
 .debug_macro   0x0000868a       0x58 ./source/autocorrelate.o
 .debug_macro   0x000086e2       0x2f ./source/mtb.o
 .debug_macro   0x00008711       0x82 ./source/mtb.o
 .debug_macro   0x00008793       0x10 ./source/mtb.o
 .debug_macro   0x000087a3       0x11 ./source/semihost_hardfault.o
 .debug_macro   0x000087b4       0xb1 ./source/sin.o
 .debug_macro   0x00008865       0xac ./source/systick.o
 .debug_macro   0x00008911      0x196 ./drivers/fsl_clock.o
 .debug_macro   0x00008aa7       0x1c ./drivers/fsl_clock.o
 .debug_macro   0x00008ac3       0xec ./drivers/fsl_lpsci.o
 .debug_macro   0x00008baf       0xf2 ./drivers/fsl_uart.o
 .debug_macro   0x00008ca1      0x12b ./board/board.o
 .debug_macro   0x00008dcc      0x123 ./board/clock_config.o
 .debug_macro   0x00008eef       0x1b ./board/peripherals.o
 .debug_macro   0x00008f0a      0x107 ./board/pin_mux.o
 .debug_macro   0x00009011       0x10 ./board/pin_mux.o
 .debug_macro   0x00009021       0x94 ./CMSIS/system_MKL25Z4.o

.debug_line     0x00000000     0x5db1
 .debug_line    0x00000000      0x4ef ./utilities/fsl_debug_console.o
 .debug_line    0x000004ef      0x1e7 ./startup/startup_mkl25z4.o
 .debug_line    0x000006d6      0x4e7 ./source/A7_Autotune.o
 .debug_line    0x00000bbd      0x2e5 ./source/ADC.o
 .debug_line    0x00000ea2      0x242 ./source/DAC.o
 .debug_line    0x000010e4      0x370 ./source/DMA.o
 .debug_line    0x00001454      0x27a ./source/TPM0.o
 .debug_line    0x000016ce      0x2bb ./source/autocorrelate.o
 .debug_line    0x00001989       0xd6 ./source/mtb.o
 .debug_line    0x00001a5f       0x59 ./source/semihost_hardfault.o
 .debug_line    0x00001ab8      0x364 ./source/sin.o
 .debug_line    0x00001e1c      0x31f ./source/systick.o
 .debug_line    0x0000213b     0x12fc ./drivers/fsl_clock.o
 .debug_line    0x00003437      0xd75 ./drivers/fsl_lpsci.o
 .debug_line    0x000041ac      0xd64 ./drivers/fsl_uart.o
 .debug_line    0x00004f10      0x3a3 ./board/board.o
 .debug_line    0x000052b3      0x3ef ./board/clock_config.o
 .debug_line    0x000056a2       0x5c ./board/peripherals.o
 .debug_line    0x000056fe      0x376 ./board/pin_mux.o
 .debug_line    0x00005a74      0x33d ./CMSIS/system_MKL25Z4.o

.debug_str      0x00000000    0x3608c
 .debug_str     0x00000000    0x31585 ./utilities/fsl_debug_console.o
                              0x317e5 (size before relaxing)
 .debug_str     0x00031585      0x3e1 ./startup/startup_mkl25z4.o
                               0x3209 (size before relaxing)
 .debug_str     0x00031966      0xf27 ./source/A7_Autotune.o
                              0x31ce4 (size before relaxing)
 .debug_str     0x0003288d      0x176 ./source/ADC.o
                              0x29285 (size before relaxing)
 .debug_str     0x00032a03       0x2c ./source/DAC.o
                              0x28e95 (size before relaxing)
 .debug_str     0x00032a2f      0x2de ./source/DMA.o
                              0x29477 (size before relaxing)
 .debug_str     0x00032d0d       0x25 ./source/TPM0.o
                              0x291a3 (size before relaxing)
 .debug_str     0x00032d32       0x80 ./source/autocorrelate.o
                               0x46af (size before relaxing)
 .debug_str     0x00032db2      0x532 ./source/mtb.o
                               0x3315 (size before relaxing)
 .debug_str     0x000332e4       0x1f ./source/semihost_hardfault.o
                               0x2e02 (size before relaxing)
 .debug_str     0x00033303      0x12a ./source/sin.o
                               0x4f15 (size before relaxing)
 .debug_str     0x0003342d       0x3e ./source/systick.o
                              0x29367 (size before relaxing)
 .debug_str     0x0003346b     0x14d7 ./drivers/fsl_clock.o
                              0x32310 (size before relaxing)
 .debug_str     0x00034942      0x96b ./drivers/fsl_lpsci.o
                              0x31918 (size before relaxing)
 .debug_str     0x000352ad      0x832 ./drivers/fsl_uart.o
                              0x3193b (size before relaxing)
 .debug_str     0x00035adf       0x4c ./board/board.o
                              0x316f8 (size before relaxing)
 .debug_str     0x00035b2b      0x300 ./board/clock_config.o
                              0x3123e (size before relaxing)
 .debug_str     0x00035e2b       0x31 ./board/peripherals.o
                               0x2e13 (size before relaxing)
 .debug_str     0x00035e5c      0x1e1 ./board/pin_mux.o
                              0x309a1 (size before relaxing)
 .debug_str     0x0003603d       0x4f ./CMSIS/system_MKL25Z4.o
                              0x2fc7a (size before relaxing)

.comment        0x00000000       0x79
 .comment       0x00000000       0x79 ./utilities/fsl_debug_console.o
                                 0x7a (size before relaxing)
 .comment       0x00000079       0x7a ./startup/startup_mkl25z4.o
 .comment       0x00000079       0x7a ./source/A7_Autotune.o
 .comment       0x00000079       0x7a ./source/ADC.o
 .comment       0x00000079       0x7a ./source/DAC.o
 .comment       0x00000079       0x7a ./source/DMA.o
 .comment       0x00000079       0x7a ./source/TPM0.o
 .comment       0x00000079       0x7a ./source/autocorrelate.o
 .comment       0x00000079       0x7a ./source/mtb.o
 .comment       0x00000079       0x7a ./source/semihost_hardfault.o
 .comment       0x00000079       0x7a ./source/sin.o
 .comment       0x00000079       0x7a ./source/systick.o
 .comment       0x00000079       0x7a ./drivers/fsl_clock.o
 .comment       0x00000079       0x7a ./drivers/fsl_lpsci.o
 .comment       0x00000079       0x7a ./drivers/fsl_uart.o
 .comment       0x00000079       0x7a ./board/board.o
 .comment       0x00000079       0x7a ./board/clock_config.o
 .comment       0x00000079       0x7a ./board/peripherals.o
 .comment       0x00000079       0x7a ./board/pin_mux.o
 .comment       0x00000079       0x7a ./CMSIS/system_MKL25Z4.o
 .comment       0x00000079       0x7a c:/cu_files/mcuxpressoide_11.2.1_4149/ide/plugins/com.nxp.mcuxpresso.tools.win32_11.2.0.202008311134/tools/bin/../lib/gcc/arm-none-eabi/9.2.1/../../../../arm-none-eabi/lib/thumb/v6-m/nofp\libcr_nohost_nf.a(_cr__main.o)
 .comment       0x00000079       0x7a c:/cu_files/mcuxpressoide_11.2.1_4149/ide/plugins/com.nxp.mcuxpresso.tools.win32_11.2.0.202008311134/tools/bin/../lib/gcc/arm-none-eabi/9.2.1/../../../../arm-none-eabi/lib/thumb/v6-m/nofp\libcr_nohost_nf.a(_cr_assert.o)
 .comment       0x00000079       0x7a c:/cu_files/mcuxpressoide_11.2.1_4149/ide/plugins/com.nxp.mcuxpresso.tools.win32_11.2.0.202008311134/tools/bin/../lib/gcc/arm-none-eabi/9.2.1/../../../../arm-none-eabi/lib/thumb/v6-m/nofp\libcr_nohost_nf.a(__ciob.o)
 .comment       0x00000079       0x7a c:/cu_files/mcuxpressoide_11.2.1_4149/ide/plugins/com.nxp.mcuxpresso.tools.win32_11.2.0.202008311134/tools/bin/../lib/gcc/arm-none-eabi/9.2.1/../../../../arm-none-eabi/lib/thumb/v6-m/nofp\libcr_nohost_nf.a(__sys_appexit.o)
 .comment       0x00000079       0x7a c:/cu_files/mcuxpressoide_11.2.1_4149/ide/plugins/com.nxp.mcuxpresso.tools.win32_11.2.0.202008311134/tools/bin/../lib/gcc/arm-none-eabi/9.2.1/../../../../arm-none-eabi/lib/thumb/v6-m/nofp\libcr_c.a(memset.o)
 .comment       0x00000079       0x7a c:/cu_files/mcuxpressoide_11.2.1_4149/ide/plugins/com.nxp.mcuxpresso.tools.win32_11.2.0.202008311134/tools/bin/../lib/gcc/arm-none-eabi/9.2.1/../../../../arm-none-eabi/lib/thumb/v6-m/nofp\libcr_c.a(_deferredlazyseek.o)
 .comment       0x00000079       0x7a c:/cu_files/mcuxpressoide_11.2.1_4149/ide/plugins/com.nxp.mcuxpresso.tools.win32_11.2.0.202008311134/tools/bin/../lib/gcc/arm-none-eabi/9.2.1/../../../../arm-none-eabi/lib/thumb/v6-m/nofp\libcr_c.a(_fflush.o)
 .comment       0x00000079       0x7a c:/cu_files/mcuxpressoide_11.2.1_4149/ide/plugins/com.nxp.mcuxpresso.tools.win32_11.2.0.202008311134/tools/bin/../lib/gcc/arm-none-eabi/9.2.1/../../../../arm-none-eabi/lib/thumb/v6-m/nofp\libcr_c.a(_writebuf.o)
 .comment       0x00000079       0x7a c:/cu_files/mcuxpressoide_11.2.1_4149/ide/plugins/com.nxp.mcuxpresso.tools.win32_11.2.0.202008311134/tools/bin/../lib/gcc/arm-none-eabi/9.2.1/../../../../arm-none-eabi/lib/thumb/v6-m/nofp\libcr_c.a(alloc.o)
 .comment       0x00000079       0x7a c:/cu_files/mcuxpressoide_11.2.1_4149/ide/plugins/com.nxp.mcuxpresso.tools.win32_11.2.0.202008311134/tools/bin/../lib/gcc/arm-none-eabi/9.2.1/../../../../arm-none-eabi/lib/thumb/v6-m/nofp\libcr_c.a(fpprintf.o)
 .comment       0x00000079       0x7a c:/cu_files/mcuxpressoide_11.2.1_4149/ide/plugins/com.nxp.mcuxpresso.tools.win32_11.2.0.202008311134/tools/bin/../lib/gcc/arm-none-eabi/9.2.1/../../../../arm-none-eabi/lib/thumb/v6-m/nofp\libcr_c.a(fputs.o)
 .comment       0x00000079       0x7a c:/cu_files/mcuxpressoide_11.2.1_4149/ide/plugins/com.nxp.mcuxpresso.tools.win32_11.2.0.202008311134/tools/bin/../lib/gcc/arm-none-eabi/9.2.1/../../../../arm-none-eabi/lib/thumb/v6-m/nofp\libcr_c.a(fseek.o)
 .comment       0x00000079       0x7a c:/cu_files/mcuxpressoide_11.2.1_4149/ide/plugins/com.nxp.mcuxpresso.tools.win32_11.2.0.202008311134/tools/bin/../lib/gcc/arm-none-eabi/9.2.1/../../../../arm-none-eabi/lib/thumb/v6-m/nofp\libcr_c.a(ftell.o)
 .comment       0x00000079       0x7a c:/cu_files/mcuxpressoide_11.2.1_4149/ide/plugins/com.nxp.mcuxpresso.tools.win32_11.2.0.202008311134/tools/bin/../lib/gcc/arm-none-eabi/9.2.1/../../../../arm-none-eabi/lib/thumb/v6-m/nofp\libcr_c.a(initio.o)
 .comment       0x00000079       0x7a c:/cu_files/mcuxpressoide_11.2.1_4149/ide/plugins/com.nxp.mcuxpresso.tools.win32_11.2.0.202008311134/tools/bin/../lib/gcc/arm-none-eabi/9.2.1/../../../../arm-none-eabi/lib/thumb/v6-m/nofp\libcr_c.a(printf.o)
 .comment       0x00000079       0x7a c:/cu_files/mcuxpressoide_11.2.1_4149/ide/plugins/com.nxp.mcuxpresso.tools.win32_11.2.0.202008311134/tools/bin/../lib/gcc/arm-none-eabi/9.2.1/../../../../arm-none-eabi/lib/thumb/v6-m/nofp\libcr_c.a(setvbuf.o)
 .comment       0x00000079       0x7a c:/cu_files/mcuxpressoide_11.2.1_4149/ide/plugins/com.nxp.mcuxpresso.tools.win32_11.2.0.202008311134/tools/bin/../lib/gcc/arm-none-eabi/9.2.1/../../../../arm-none-eabi/lib/thumb/v6-m/nofp\libcr_c.a(strlen.o)
 .comment       0x00000079       0x7a c:/cu_files/mcuxpressoide_11.2.1_4149/ide/plugins/com.nxp.mcuxpresso.tools.win32_11.2.0.202008311134/tools/bin/../lib/gcc/arm-none-eabi/9.2.1/../../../../arm-none-eabi/lib/thumb/v6-m/nofp\libcr_c.a(__init_alloc.o)
 .comment       0x00000079       0x7a c:/cu_files/mcuxpressoide_11.2.1_4149/ide/plugins/com.nxp.mcuxpresso.tools.win32_11.2.0.202008311134/tools/bin/../lib/gcc/arm-none-eabi/9.2.1/../../../../arm-none-eabi/lib/thumb/v6-m/nofp\libcr_c.a(_cr_sbrk.o)
 .comment       0x00000079       0x7a c:/cu_files/mcuxpressoide_11.2.1_4149/ide/plugins/com.nxp.mcuxpresso.tools.win32_11.2.0.202008311134/tools/bin/../lib/gcc/arm-none-eabi/9.2.1/../../../../arm-none-eabi/lib/thumb/v6-m/nofp\libcr_c.a(_fdopen.o)
 .comment       0x00000079       0x7a c:/cu_files/mcuxpressoide_11.2.1_4149/ide/plugins/com.nxp.mcuxpresso.tools.win32_11.2.0.202008311134/tools/bin/../lib/gcc/arm-none-eabi/9.2.1/../../../../arm-none-eabi/lib/thumb/v6-m/nofp\libcr_c.a(_frexpl.o)
 .comment       0x00000079       0x7a c:/cu_files/mcuxpressoide_11.2.1_4149/ide/plugins/com.nxp.mcuxpresso.tools.win32_11.2.0.202008311134/tools/bin/../lib/gcc/arm-none-eabi/9.2.1/../../../../arm-none-eabi/lib/thumb/v6-m/nofp\libcr_c.a(_ldexpl.o)
 .comment       0x00000079       0x7a c:/cu_files/mcuxpressoide_11.2.1_4149/ide/plugins/com.nxp.mcuxpresso.tools.win32_11.2.0.202008311134/tools/bin/../lib/gcc/arm-none-eabi/9.2.1/../../../../arm-none-eabi/lib/thumb/v6-m/nofp\libcr_c.a(errno.o)
 .comment       0x00000079       0x7a c:/cu_files/mcuxpressoide_11.2.1_4149/ide/plugins/com.nxp.mcuxpresso.tools.win32_11.2.0.202008311134/tools/bin/../lib/gcc/arm-none-eabi/9.2.1/../../../../arm-none-eabi/lib/thumb/v6-m/nofp\libcr_c.a(fclose.o)
 .comment       0x00000079       0x7a c:/cu_files/mcuxpressoide_11.2.1_4149/ide/plugins/com.nxp.mcuxpresso.tools.win32_11.2.0.202008311134/tools/bin/../lib/gcc/arm-none-eabi/9.2.1/../../../../arm-none-eabi/lib/thumb/v6-m/nofp\libcr_c.a(fflush.o)
 .comment       0x00000079       0x7a c:/cu_files/mcuxpressoide_11.2.1_4149/ide/plugins/com.nxp.mcuxpresso.tools.win32_11.2.0.202008311134/tools/bin/../lib/gcc/arm-none-eabi/9.2.1/../../../../arm-none-eabi/lib/thumb/v6-m/nofp\libcr_c.a(remove.o)
 .comment       0x00000079       0x7a c:/cu_files/mcuxpressoide_11.2.1_4149/ide/plugins/com.nxp.mcuxpresso.tools.win32_11.2.0.202008311134/tools/bin/../lib/gcc/arm-none-eabi/9.2.1/../../../../arm-none-eabi/lib/thumb/v6-m/nofp\libcr_c.a(_cr_check_heap.o)
 .comment       0x00000079       0x7a c:/cu_files/mcuxpressoide_11.2.1_4149/ide/plugins/com.nxp.mcuxpresso.tools.win32_11.2.0.202008311134/tools/bin/../lib/gcc/arm-none-eabi/9.2.1/../../../../arm-none-eabi/lib/thumb/v6-m/nofp\libcr_c.a(_do_fflush.o)
 .comment       0x00000079       0x7a c:/cu_files/mcuxpressoide_11.2.1_4149/ide/plugins/com.nxp.mcuxpresso.tools.win32_11.2.0.202008311134/tools/bin/../lib/gcc/arm-none-eabi/9.2.1/thumb/v6-m/nofp\libcr_eabihelpers.a(double.o)
 .comment       0x00000079       0x7a c:/cu_files/mcuxpressoide_11.2.1_4149/ide/plugins/com.nxp.mcuxpresso.tools.win32_11.2.0.202008311134/tools/bin/../lib/gcc/arm-none-eabi/9.2.1/../../../../arm-none-eabi/lib/thumb/v6-m/nofp\libcr_nohost_nf.a(__sys_close.o)
 .comment       0x00000079       0x7a c:/cu_files/mcuxpressoide_11.2.1_4149/ide/plugins/com.nxp.mcuxpresso.tools.win32_11.2.0.202008311134/tools/bin/../lib/gcc/arm-none-eabi/9.2.1/../../../../arm-none-eabi/lib/thumb/v6-m/nofp\libcr_nohost_nf.a(__sys_flen.o)
 .comment       0x00000079       0x7a c:/cu_files/mcuxpressoide_11.2.1_4149/ide/plugins/com.nxp.mcuxpresso.tools.win32_11.2.0.202008311134/tools/bin/../lib/gcc/arm-none-eabi/9.2.1/../../../../arm-none-eabi/lib/thumb/v6-m/nofp\libcr_nohost_nf.a(__sys_istty.o)
 .comment       0x00000079       0x7a c:/cu_files/mcuxpressoide_11.2.1_4149/ide/plugins/com.nxp.mcuxpresso.tools.win32_11.2.0.202008311134/tools/bin/../lib/gcc/arm-none-eabi/9.2.1/../../../../arm-none-eabi/lib/thumb/v6-m/nofp\libcr_nohost_nf.a(__sys_remove.o)
 .comment       0x00000079       0x7a c:/cu_files/mcuxpressoide_11.2.1_4149/ide/plugins/com.nxp.mcuxpresso.tools.win32_11.2.0.202008311134/tools/bin/../lib/gcc/arm-none-eabi/9.2.1/../../../../arm-none-eabi/lib/thumb/v6-m/nofp\libcr_nohost_nf.a(__sys_seek.o)
 .comment       0x00000079       0x7a c:/cu_files/mcuxpressoide_11.2.1_4149/ide/plugins/com.nxp.mcuxpresso.tools.win32_11.2.0.202008311134/tools/bin/../lib/gcc/arm-none-eabi/9.2.1/../../../../arm-none-eabi/lib/thumb/v6-m/nofp\libcr_nohost_nf.a(__sys_tmpnam.o)

.ARM.attributes
                0x00000000       0x2a
 .ARM.attributes
                0x00000000       0x2c ./utilities/fsl_debug_console.o
 .ARM.attributes
                0x0000002c       0x2c ./startup/startup_mkl25z4.o
 .ARM.attributes
                0x00000058       0x2c ./source/A7_Autotune.o
 .ARM.attributes
                0x00000084       0x2c ./source/ADC.o
 .ARM.attributes
                0x000000b0       0x2c ./source/DAC.o
 .ARM.attributes
                0x000000dc       0x2c ./source/DMA.o
 .ARM.attributes
                0x00000108       0x2c ./source/TPM0.o
 .ARM.attributes
                0x00000134       0x2c ./source/autocorrelate.o
 .ARM.attributes
                0x00000160       0x32 ./source/mtb.o
 .ARM.attributes
                0x00000192       0x2c ./source/semihost_hardfault.o
 .ARM.attributes
                0x000001be       0x2c ./source/sin.o
 .ARM.attributes
                0x000001ea       0x2c ./source/systick.o
 .ARM.attributes
                0x00000216       0x2c ./drivers/fsl_clock.o
 .ARM.attributes
                0x00000242       0x2c ./drivers/fsl_lpsci.o
 .ARM.attributes
                0x0000026e       0x2c ./drivers/fsl_uart.o
 .ARM.attributes
                0x0000029a       0x2c ./board/board.o
 .ARM.attributes
                0x000002c6       0x2c ./board/clock_config.o
 .ARM.attributes
                0x000002f2       0x2c ./board/peripherals.o
 .ARM.attributes
                0x0000031e       0x2c ./board/pin_mux.o
 .ARM.attributes
                0x0000034a       0x2c ./CMSIS/system_MKL25Z4.o
 .ARM.attributes
                0x00000376       0x2c c:/cu_files/mcuxpressoide_11.2.1_4149/ide/plugins/com.nxp.mcuxpresso.tools.win32_11.2.0.202008311134/tools/bin/../lib/gcc/arm-none-eabi/9.2.1/../../../../arm-none-eabi/lib/thumb/v6-m/nofp\libcr_nohost_nf.a(_cr__main.o)
 .ARM.attributes
                0x000003a2       0x2c c:/cu_files/mcuxpressoide_11.2.1_4149/ide/plugins/com.nxp.mcuxpresso.tools.win32_11.2.0.202008311134/tools/bin/../lib/gcc/arm-none-eabi/9.2.1/../../../../arm-none-eabi/lib/thumb/v6-m/nofp\libcr_nohost_nf.a(_cr_assert.o)
 .ARM.attributes
                0x000003ce       0x31 c:/cu_files/mcuxpressoide_11.2.1_4149/ide/plugins/com.nxp.mcuxpresso.tools.win32_11.2.0.202008311134/tools/bin/../lib/gcc/arm-none-eabi/9.2.1/../../../../arm-none-eabi/lib/thumb/v6-m/nofp\libcr_nohost_nf.a(__ciob.o)
 .ARM.attributes
                0x000003ff       0x2c c:/cu_files/mcuxpressoide_11.2.1_4149/ide/plugins/com.nxp.mcuxpresso.tools.win32_11.2.0.202008311134/tools/bin/../lib/gcc/arm-none-eabi/9.2.1/../../../../arm-none-eabi/lib/thumb/v6-m/nofp\libcr_nohost_nf.a(__sys_appexit.o)
 .ARM.attributes
                0x0000042b       0x2c c:/cu_files/mcuxpressoide_11.2.1_4149/ide/plugins/com.nxp.mcuxpresso.tools.win32_11.2.0.202008311134/tools/bin/../lib/gcc/arm-none-eabi/9.2.1/../../../../arm-none-eabi/lib/thumb/v6-m/nofp\libcr_c.a(memset.o)
 .ARM.attributes
                0x00000457       0x2c c:/cu_files/mcuxpressoide_11.2.1_4149/ide/plugins/com.nxp.mcuxpresso.tools.win32_11.2.0.202008311134/tools/bin/../lib/gcc/arm-none-eabi/9.2.1/../../../../arm-none-eabi/lib/thumb/v6-m/nofp\libcr_c.a(_deferredlazyseek.o)
 .ARM.attributes
                0x00000483       0x2c c:/cu_files/mcuxpressoide_11.2.1_4149/ide/plugins/com.nxp.mcuxpresso.tools.win32_11.2.0.202008311134/tools/bin/../lib/gcc/arm-none-eabi/9.2.1/../../../../arm-none-eabi/lib/thumb/v6-m/nofp\libcr_c.a(_fflush.o)
 .ARM.attributes
                0x000004af       0x2c c:/cu_files/mcuxpressoide_11.2.1_4149/ide/plugins/com.nxp.mcuxpresso.tools.win32_11.2.0.202008311134/tools/bin/../lib/gcc/arm-none-eabi/9.2.1/../../../../arm-none-eabi/lib/thumb/v6-m/nofp\libcr_c.a(_writebuf.o)
 .ARM.attributes
                0x000004db       0x2c c:/cu_files/mcuxpressoide_11.2.1_4149/ide/plugins/com.nxp.mcuxpresso.tools.win32_11.2.0.202008311134/tools/bin/../lib/gcc/arm-none-eabi/9.2.1/../../../../arm-none-eabi/lib/thumb/v6-m/nofp\libcr_c.a(alloc.o)
 .ARM.attributes
                0x00000507       0x2c c:/cu_files/mcuxpressoide_11.2.1_4149/ide/plugins/com.nxp.mcuxpresso.tools.win32_11.2.0.202008311134/tools/bin/../lib/gcc/arm-none-eabi/9.2.1/../../../../arm-none-eabi/lib/thumb/v6-m/nofp\libcr_c.a(fpprintf.o)
 .ARM.attributes
                0x00000533       0x2c c:/cu_files/mcuxpressoide_11.2.1_4149/ide/plugins/com.nxp.mcuxpresso.tools.win32_11.2.0.202008311134/tools/bin/../lib/gcc/arm-none-eabi/9.2.1/../../../../arm-none-eabi/lib/thumb/v6-m/nofp\libcr_c.a(fputs.o)
 .ARM.attributes
                0x0000055f       0x2c c:/cu_files/mcuxpressoide_11.2.1_4149/ide/plugins/com.nxp.mcuxpresso.tools.win32_11.2.0.202008311134/tools/bin/../lib/gcc/arm-none-eabi/9.2.1/../../../../arm-none-eabi/lib/thumb/v6-m/nofp\libcr_c.a(fseek.o)
 .ARM.attributes
                0x0000058b       0x2c c:/cu_files/mcuxpressoide_11.2.1_4149/ide/plugins/com.nxp.mcuxpresso.tools.win32_11.2.0.202008311134/tools/bin/../lib/gcc/arm-none-eabi/9.2.1/../../../../arm-none-eabi/lib/thumb/v6-m/nofp\libcr_c.a(ftell.o)
 .ARM.attributes
                0x000005b7       0x2c c:/cu_files/mcuxpressoide_11.2.1_4149/ide/plugins/com.nxp.mcuxpresso.tools.win32_11.2.0.202008311134/tools/bin/../lib/gcc/arm-none-eabi/9.2.1/../../../../arm-none-eabi/lib/thumb/v6-m/nofp\libcr_c.a(initio.o)
 .ARM.attributes
                0x000005e3       0x2c c:/cu_files/mcuxpressoide_11.2.1_4149/ide/plugins/com.nxp.mcuxpresso.tools.win32_11.2.0.202008311134/tools/bin/../lib/gcc/arm-none-eabi/9.2.1/../../../../arm-none-eabi/lib/thumb/v6-m/nofp\libcr_c.a(printf.o)
 .ARM.attributes
                0x0000060f       0x2c c:/cu_files/mcuxpressoide_11.2.1_4149/ide/plugins/com.nxp.mcuxpresso.tools.win32_11.2.0.202008311134/tools/bin/../lib/gcc/arm-none-eabi/9.2.1/../../../../arm-none-eabi/lib/thumb/v6-m/nofp\libcr_c.a(setvbuf.o)
 .ARM.attributes
                0x0000063b       0x2c c:/cu_files/mcuxpressoide_11.2.1_4149/ide/plugins/com.nxp.mcuxpresso.tools.win32_11.2.0.202008311134/tools/bin/../lib/gcc/arm-none-eabi/9.2.1/../../../../arm-none-eabi/lib/thumb/v6-m/nofp\libcr_c.a(strlen.o)
 .ARM.attributes
                0x00000667       0x2c c:/cu_files/mcuxpressoide_11.2.1_4149/ide/plugins/com.nxp.mcuxpresso.tools.win32_11.2.0.202008311134/tools/bin/../lib/gcc/arm-none-eabi/9.2.1/../../../../arm-none-eabi/lib/thumb/v6-m/nofp\libcr_c.a(__init_alloc.o)
 .ARM.attributes
                0x00000693       0x2c c:/cu_files/mcuxpressoide_11.2.1_4149/ide/plugins/com.nxp.mcuxpresso.tools.win32_11.2.0.202008311134/tools/bin/../lib/gcc/arm-none-eabi/9.2.1/../../../../arm-none-eabi/lib/thumb/v6-m/nofp\libcr_c.a(_cr_sbrk.o)
 .ARM.attributes
                0x000006bf       0x2c c:/cu_files/mcuxpressoide_11.2.1_4149/ide/plugins/com.nxp.mcuxpresso.tools.win32_11.2.0.202008311134/tools/bin/../lib/gcc/arm-none-eabi/9.2.1/../../../../arm-none-eabi/lib/thumb/v6-m/nofp\libcr_c.a(_fdopen.o)
 .ARM.attributes
                0x000006eb       0x2c c:/cu_files/mcuxpressoide_11.2.1_4149/ide/plugins/com.nxp.mcuxpresso.tools.win32_11.2.0.202008311134/tools/bin/../lib/gcc/arm-none-eabi/9.2.1/../../../../arm-none-eabi/lib/thumb/v6-m/nofp\libcr_c.a(_frexpl.o)
 .ARM.attributes
                0x00000717       0x2c c:/cu_files/mcuxpressoide_11.2.1_4149/ide/plugins/com.nxp.mcuxpresso.tools.win32_11.2.0.202008311134/tools/bin/../lib/gcc/arm-none-eabi/9.2.1/../../../../arm-none-eabi/lib/thumb/v6-m/nofp\libcr_c.a(_ldexpl.o)
 .ARM.attributes
                0x00000743       0x31 c:/cu_files/mcuxpressoide_11.2.1_4149/ide/plugins/com.nxp.mcuxpresso.tools.win32_11.2.0.202008311134/tools/bin/../lib/gcc/arm-none-eabi/9.2.1/../../../../arm-none-eabi/lib/thumb/v6-m/nofp\libcr_c.a(errno.o)
 .ARM.attributes
                0x00000774       0x2c c:/cu_files/mcuxpressoide_11.2.1_4149/ide/plugins/com.nxp.mcuxpresso.tools.win32_11.2.0.202008311134/tools/bin/../lib/gcc/arm-none-eabi/9.2.1/../../../../arm-none-eabi/lib/thumb/v6-m/nofp\libcr_c.a(fclose.o)
 .ARM.attributes
                0x000007a0       0x2c c:/cu_files/mcuxpressoide_11.2.1_4149/ide/plugins/com.nxp.mcuxpresso.tools.win32_11.2.0.202008311134/tools/bin/../lib/gcc/arm-none-eabi/9.2.1/../../../../arm-none-eabi/lib/thumb/v6-m/nofp\libcr_c.a(fflush.o)
 .ARM.attributes
                0x000007cc       0x2c c:/cu_files/mcuxpressoide_11.2.1_4149/ide/plugins/com.nxp.mcuxpresso.tools.win32_11.2.0.202008311134/tools/bin/../lib/gcc/arm-none-eabi/9.2.1/../../../../arm-none-eabi/lib/thumb/v6-m/nofp\libcr_c.a(remove.o)
 .ARM.attributes
                0x000007f8       0x2c c:/cu_files/mcuxpressoide_11.2.1_4149/ide/plugins/com.nxp.mcuxpresso.tools.win32_11.2.0.202008311134/tools/bin/../lib/gcc/arm-none-eabi/9.2.1/../../../../arm-none-eabi/lib/thumb/v6-m/nofp\libcr_c.a(_cr_check_heap.o)
 .ARM.attributes
                0x00000824       0x2c c:/cu_files/mcuxpressoide_11.2.1_4149/ide/plugins/com.nxp.mcuxpresso.tools.win32_11.2.0.202008311134/tools/bin/../lib/gcc/arm-none-eabi/9.2.1/../../../../arm-none-eabi/lib/thumb/v6-m/nofp\libcr_c.a(_do_fflush.o)
 .ARM.attributes
                0x00000850       0x1c c:/cu_files/mcuxpressoide_11.2.1_4149/ide/plugins/com.nxp.mcuxpresso.tools.win32_11.2.0.202008311134/tools/bin/../lib/gcc/arm-none-eabi/9.2.1/thumb/v6-m/nofp\libcr_eabihelpers.a(division_32.o)
 .ARM.attributes
                0x0000086c       0x1c c:/cu_files/mcuxpressoide_11.2.1_4149/ide/plugins/com.nxp.mcuxpresso.tools.win32_11.2.0.202008311134/tools/bin/../lib/gcc/arm-none-eabi/9.2.1/thumb/v6-m/nofp\libcr_eabihelpers.a(division_idiv0.o)
 .ARM.attributes
                0x00000888       0x2c c:/cu_files/mcuxpressoide_11.2.1_4149/ide/plugins/com.nxp.mcuxpresso.tools.win32_11.2.0.202008311134/tools/bin/../lib/gcc/arm-none-eabi/9.2.1/thumb/v6-m/nofp\libcr_eabihelpers.a(double.o)
 .ARM.attributes
                0x000008b4       0x1c c:/cu_files/mcuxpressoide_11.2.1_4149/ide/plugins/com.nxp.mcuxpresso.tools.win32_11.2.0.202008311134/tools/bin/../lib/gcc/arm-none-eabi/9.2.1/thumb/v6-m/nofp\libcr_eabihelpers.a(llong.o)
 .ARM.attributes
                0x000008d0       0x1c c:/cu_files/mcuxpressoide_11.2.1_4149/ide/plugins/com.nxp.mcuxpresso.tools.win32_11.2.0.202008311134/tools/bin/../lib/gcc/arm-none-eabi/9.2.1/thumb/v6-m/nofp\libcr_eabihelpers.a(memcpy.o)
 .ARM.attributes
                0x000008ec       0x1c c:/cu_files/mcuxpressoide_11.2.1_4149/ide/plugins/com.nxp.mcuxpresso.tools.win32_11.2.0.202008311134/tools/bin/../lib/gcc/arm-none-eabi/9.2.1/thumb/v6-m/nofp\libcr_eabihelpers.a(thumb1_switch_helpers.o)
 .ARM.attributes
                0x00000908       0x2c c:/cu_files/mcuxpressoide_11.2.1_4149/ide/plugins/com.nxp.mcuxpresso.tools.win32_11.2.0.202008311134/tools/bin/../lib/gcc/arm-none-eabi/9.2.1/../../../../arm-none-eabi/lib/thumb/v6-m/nofp\libcr_nohost_nf.a(__sys_close.o)
 .ARM.attributes
                0x00000934       0x2c c:/cu_files/mcuxpressoide_11.2.1_4149/ide/plugins/com.nxp.mcuxpresso.tools.win32_11.2.0.202008311134/tools/bin/../lib/gcc/arm-none-eabi/9.2.1/../../../../arm-none-eabi/lib/thumb/v6-m/nofp\libcr_nohost_nf.a(__sys_flen.o)
 .ARM.attributes
                0x00000960       0x2c c:/cu_files/mcuxpressoide_11.2.1_4149/ide/plugins/com.nxp.mcuxpresso.tools.win32_11.2.0.202008311134/tools/bin/../lib/gcc/arm-none-eabi/9.2.1/../../../../arm-none-eabi/lib/thumb/v6-m/nofp\libcr_nohost_nf.a(__sys_istty.o)
 .ARM.attributes
                0x0000098c       0x2c c:/cu_files/mcuxpressoide_11.2.1_4149/ide/plugins/com.nxp.mcuxpresso.tools.win32_11.2.0.202008311134/tools/bin/../lib/gcc/arm-none-eabi/9.2.1/../../../../arm-none-eabi/lib/thumb/v6-m/nofp\libcr_nohost_nf.a(__sys_remove.o)
 .ARM.attributes
                0x000009b8       0x2c c:/cu_files/mcuxpressoide_11.2.1_4149/ide/plugins/com.nxp.mcuxpresso.tools.win32_11.2.0.202008311134/tools/bin/../lib/gcc/arm-none-eabi/9.2.1/../../../../arm-none-eabi/lib/thumb/v6-m/nofp\libcr_nohost_nf.a(__sys_seek.o)
 .ARM.attributes
                0x000009e4       0x2c c:/cu_files/mcuxpressoide_11.2.1_4149/ide/plugins/com.nxp.mcuxpresso.tools.win32_11.2.0.202008311134/tools/bin/../lib/gcc/arm-none-eabi/9.2.1/../../../../arm-none-eabi/lib/thumb/v6-m/nofp\libcr_nohost_nf.a(__sys_tmpnam.o)

.debug_frame    0x00000000     0x19c0
 .debug_frame   0x00000000      0x10c ./utilities/fsl_debug_console.o
 .debug_frame   0x0000010c      0x3b0 ./startup/startup_mkl25z4.o
 .debug_frame   0x000004bc       0x4c ./source/A7_Autotune.o
 .debug_frame   0x00000508       0x68 ./source/ADC.o
 .debug_frame   0x00000570       0x2c ./source/DAC.o
 .debug_frame   0x0000059c       0xc8 ./source/DMA.o
 .debug_frame   0x00000664       0x48 ./source/TPM0.o
 .debug_frame   0x000006ac       0x30 ./source/autocorrelate.o
 .debug_frame   0x000006dc       0x20 ./source/semihost_hardfault.o
 .debug_frame   0x000006fc       0x94 ./source/sin.o
 .debug_frame   0x00000790       0x88 ./source/systick.o
 .debug_frame   0x00000818      0x6e0 ./drivers/fsl_clock.o
 .debug_frame   0x00000ef8      0x414 ./drivers/fsl_lpsci.o
 .debug_frame   0x0000130c      0x464 ./drivers/fsl_uart.o
 .debug_frame   0x00001770       0x50 ./board/board.o
 .debug_frame   0x000017c0      0x100 ./board/clock_config.o
 .debug_frame   0x000018c0       0x2c ./board/peripherals.o
 .debug_frame   0x000018ec       0x88 ./board/pin_mux.o
 .debug_frame   0x00001974       0x4c ./CMSIS/system_MKL25Z4.o

Cross Reference Table

Symbol                                            File
ADC0_DriverIRQHandler                             ./startup/startup_mkl25z4.o
ADC0_IRQHandler                                   ./startup/startup_mkl25z4.o
ADC0_init                                         ./source/ADC.o
                                                  ./source/A7_Autotune.o
BOARD_BootClockRUN                                ./board/clock_config.o
BOARD_BootClockVLPR                               ./board/clock_config.o
BOARD_InitBootClocks                              ./board/clock_config.o
                                                  ./source/A7_Autotune.o
BOARD_InitBootPeripherals                         ./board/peripherals.o
                                                  ./source/A7_Autotune.o
BOARD_InitBootPins                                ./board/pin_mux.o
                                                  ./source/A7_Autotune.o
BOARD_InitDebugConsole                            ./board/board.o
                                                  ./source/A7_Autotune.o
BOARD_InitPins                                    ./board/pin_mux.o
CLOCK_BootToBlpeMode                              ./drivers/fsl_clock.o
CLOCK_BootToBlpiMode                              ./drivers/fsl_clock.o
                                                  ./board/clock_config.o
CLOCK_BootToFeeMode                               ./drivers/fsl_clock.o
CLOCK_BootToFeiMode                               ./drivers/fsl_clock.o
CLOCK_BootToPeeMode                               ./drivers/fsl_clock.o
                                                  ./board/clock_config.o
CLOCK_CalcPllDiv                                  ./drivers/fsl_clock.o
CLOCK_ClearStatusFlags                            ./drivers/fsl_clock.o
CLOCK_DeinitOsc0                                  ./drivers/fsl_clock.o
CLOCK_EnablePll0                                  ./drivers/fsl_clock.o
CLOCK_EnableUsbfs0Clock                           ./drivers/fsl_clock.o
CLOCK_ExternalModeToFbeModeQuick                  ./drivers/fsl_clock.o
CLOCK_FllStableDelay                              ./drivers/fsl_clock.o
CLOCK_GetBusClkFreq                               ./drivers/fsl_clock.o
CLOCK_GetCoreSysClkFreq                           ./drivers/fsl_clock.o
CLOCK_GetEr32kClkFreq                             ./drivers/fsl_clock.o
CLOCK_GetFixedFreqClkFreq                         ./drivers/fsl_clock.o
CLOCK_GetFlashClkFreq                             ./drivers/fsl_clock.o
CLOCK_GetFllFreq                                  ./drivers/fsl_clock.o
CLOCK_GetFreq                                     ./drivers/fsl_clock.o
CLOCK_GetInternalRefClkFreq                       ./drivers/fsl_clock.o
CLOCK_GetMode                                     ./drivers/fsl_clock.o
CLOCK_GetOsc0ErClkFreq                            ./drivers/fsl_clock.o
CLOCK_GetOutClkFreq                               ./drivers/fsl_clock.o
CLOCK_GetPlatClkFreq                              ./drivers/fsl_clock.o
CLOCK_GetPll0Freq                                 ./drivers/fsl_clock.o
CLOCK_GetPllFllSelClkFreq                         ./drivers/fsl_clock.o
                                                  ./board/board.o
CLOCK_GetStatusFlags                              ./drivers/fsl_clock.o
CLOCK_InitOsc0                                    ./drivers/fsl_clock.o
                                                  ./board/clock_config.o
CLOCK_InternalModeToFbiModeQuick                  ./drivers/fsl_clock.o
CLOCK_SetBlpeMode                                 ./drivers/fsl_clock.o
CLOCK_SetBlpiMode                                 ./drivers/fsl_clock.o
CLOCK_SetExternalRefClkConfig                     ./drivers/fsl_clock.o
CLOCK_SetFbeMode                                  ./drivers/fsl_clock.o
CLOCK_SetFbiMode                                  ./drivers/fsl_clock.o
CLOCK_SetFeeMode                                  ./drivers/fsl_clock.o
CLOCK_SetFeiMode                                  ./drivers/fsl_clock.o
CLOCK_SetInternalRefClkConfig                     ./drivers/fsl_clock.o
                                                  ./board/clock_config.o
CLOCK_SetMcgConfig                                ./drivers/fsl_clock.o
CLOCK_SetOsc0MonitorMode                          ./drivers/fsl_clock.o
CLOCK_SetPbeMode                                  ./drivers/fsl_clock.o
CLOCK_SetPeeMode                                  ./drivers/fsl_clock.o
CLOCK_SetPll0MonitorMode                          ./drivers/fsl_clock.o
CLOCK_SetSimConfig                                ./drivers/fsl_clock.o
                                                  ./board/clock_config.o
CLOCK_TrimInternalRefClk                          ./drivers/fsl_clock.o
CMP0_DriverIRQHandler                             ./startup/startup_mkl25z4.o
CMP0_IRQHandler                                   ./startup/startup_mkl25z4.o
DAC0_DriverIRQHandler                             ./startup/startup_mkl25z4.o
DAC0_IRQHandler                                   ./startup/startup_mkl25z4.o
DAC_init                                          ./source/DAC.o
                                                  ./source/A7_Autotune.o
DMA0_DriverIRQHandler                             ./startup/startup_mkl25z4.o
DMA0_IRQHandler                                   ./source/DMA.o
                                                  ./startup/startup_mkl25z4.o
DMA1_DriverIRQHandler                             ./startup/startup_mkl25z4.o
DMA1_IRQHandler                                   ./startup/startup_mkl25z4.o
DMA2_DriverIRQHandler                             ./startup/startup_mkl25z4.o
DMA2_IRQHandler                                   ./startup/startup_mkl25z4.o
DMA3_DriverIRQHandler                             ./startup/startup_mkl25z4.o
DMA3_IRQHandler                                   ./startup/startup_mkl25z4.o
DMA_byte_count                                    ./source/DMA.o
DMA_init                                          ./source/DMA.o
                                                  ./source/A7_Autotune.o
DbgConsole_Deinit                                 ./utilities/fsl_debug_console.o
DbgConsole_Init                                   ./utilities/fsl_debug_console.o
                                                  ./board/board.o
FLASH_Erase                                       ./drivers/fsl_flash.o
FLASH_EraseAll                                    ./drivers/fsl_flash.o
FLASH_EraseAllExecuteOnlySegments                 ./drivers/fsl_flash.o
FLASH_GetProperty                                 ./drivers/fsl_flash.o
FLASH_GetSecurityState                            ./drivers/fsl_flash.o
FLASH_Init                                        ./drivers/fsl_flash.o
FLASH_IsExecuteOnly                               ./drivers/fsl_flash.o
FLASH_IsProtected                                 ./drivers/fsl_flash.o
FLASH_PflashGetPrefetchSpeculation                ./drivers/fsl_flash.o
FLASH_PflashGetProtection                         ./drivers/fsl_flash.o
FLASH_PflashSetPrefetchSpeculation                ./drivers/fsl_flash.o
                                                  ./drivers/fsl_smc.o
FLASH_PflashSetProtection                         ./drivers/fsl_flash.o
FLASH_PrepareExecuteInRamFunctions                ./drivers/fsl_flash.o
FLASH_Program                                     ./drivers/fsl_flash.o
FLASH_ProgramOnce                                 ./drivers/fsl_flash.o
FLASH_ReadOnce                                    ./drivers/fsl_flash.o
FLASH_ReadResource                                ./drivers/fsl_flash.o
FLASH_SecurityBypass                              ./drivers/fsl_flash.o
FLASH_SetCallback                                 ./drivers/fsl_flash.o
FLASH_SetProperty                                 ./drivers/fsl_flash.o
FLASH_VerifyErase                                 ./drivers/fsl_flash.o
FLASH_VerifyEraseAll                              ./drivers/fsl_flash.o
FLASH_VerifyEraseAllExecuteOnlySegments           ./drivers/fsl_flash.o
FLASH_VerifyProgram                               ./drivers/fsl_flash.o
FTFA_DriverIRQHandler                             ./startup/startup_mkl25z4.o
FTFA_IRQHandler                                   ./startup/startup_mkl25z4.o
Flash_Config                                      ./startup/startup_mkl25z4.o
GPIO_ClearPinsInterruptFlags                      ./drivers/fsl_gpio.o
GPIO_GetPinsInterruptFlags                        ./drivers/fsl_gpio.o
GPIO_PinInit                                      ./drivers/fsl_gpio.o
HardFault_Handler                                 ./source/semihost_hardfault.o
                                                  ./startup/startup_mkl25z4.o
I2C0_DriverIRQHandler                             ./startup/startup_mkl25z4.o
I2C0_IRQHandler                                   ./startup/startup_mkl25z4.o
I2C1_DriverIRQHandler                             ./startup/startup_mkl25z4.o
I2C1_IRQHandler                                   ./startup/startup_mkl25z4.o
Init_SysTick                                      ./source/systick.o
                                                  ./source/A7_Autotune.o
InstallIRQHandler                                 ./drivers/fsl_common.o
IntDefaultHandler                                 ./startup/startup_mkl25z4.o
LLWU_DriverIRQHandler                             ./startup/startup_mkl25z4.o
LLWU_IRQHandler                                   ./startup/startup_mkl25z4.o
LPSCI_ClearStatusFlags                            ./drivers/fsl_lpsci.o
LPSCI_Deinit                                      ./drivers/fsl_lpsci.o
                                                  ./utilities/fsl_debug_console.o
LPSCI_DisableInterrupts                           ./drivers/fsl_lpsci.o
LPSCI_EnableInterrupts                            ./drivers/fsl_lpsci.o
LPSCI_GetDefaultConfig                            ./drivers/fsl_lpsci.o
                                                  ./utilities/fsl_debug_console.o
LPSCI_GetEnabledInterrupts                        ./drivers/fsl_lpsci.o
LPSCI_GetInstance                                 ./drivers/fsl_lpsci.o
LPSCI_GetStatusFlags                              ./drivers/fsl_lpsci.o
LPSCI_Init                                        ./drivers/fsl_lpsci.o
                                                  ./utilities/fsl_debug_console.o
LPSCI_ReadBlocking                                ./drivers/fsl_lpsci.o
                                                  ./utilities/fsl_debug_console.o
LPSCI_SetBaudRate                                 ./drivers/fsl_lpsci.o